Component: Arm Compiler for Embedded 6.19 Tool: armlink [5e73cb00]

==============================================================================

Section Cross References

    startup_stm32f407xx.o(STACK) refers (Special) to heapauxi.o(.text) for __use_two_region_memory
    startup_stm32f407xx.o(HEAP) refers (Special) to heapauxi.o(.text) for __use_two_region_memory
    startup_stm32f407xx.o(RESET) refers (Special) to heapauxi.o(.text) for __use_two_region_memory
    startup_stm32f407xx.o(RESET) refers to startup_stm32f407xx.o(STACK) for __initial_sp
    startup_stm32f407xx.o(RESET) refers to startup_stm32f407xx.o(.text) for Reset_Handler
    startup_stm32f407xx.o(RESET) refers to stm32f4xx_it.o(.text.NMI_Handler) for NMI_Handler
    startup_stm32f407xx.o(RESET) refers to stm32f4xx_it.o(.text.HardFault_Handler) for HardFault_Handler
    startup_stm32f407xx.o(RESET) refers to stm32f4xx_it.o(.text.MemManage_Handler) for MemManage_Handler
    startup_stm32f407xx.o(RESET) refers to stm32f4xx_it.o(.text.BusFault_Handler) for BusFault_Handler
    startup_stm32f407xx.o(RESET) refers to stm32f4xx_it.o(.text.UsageFault_Handler) for UsageFault_Handler
    startup_stm32f407xx.o(RESET) refers to stm32f4xx_it.o(.text.SVC_Handler) for SVC_Handler
    startup_stm32f407xx.o(RESET) refers to stm32f4xx_it.o(.text.DebugMon_Handler) for DebugMon_Handler
    startup_stm32f407xx.o(RESET) refers to stm32f4xx_it.o(.text.PendSV_Handler) for PendSV_Handler
    startup_stm32f407xx.o(RESET) refers to stm32f4xx_it.o(.text.SysTick_Handler) for SysTick_Handler
    startup_stm32f407xx.o(RESET) refers to stm32f4xx_it.o(.text.CAN1_TX_IRQHandler) for CAN1_TX_IRQHandler
    startup_stm32f407xx.o(RESET) refers to stm32f4xx_it.o(.text.CAN1_RX0_IRQHandler) for CAN1_RX0_IRQHandler
    startup_stm32f407xx.o(RESET) refers to stm32f4xx_it.o(.text.CAN1_RX1_IRQHandler) for CAN1_RX1_IRQHandler
    startup_stm32f407xx.o(RESET) refers to stm32f4xx_it.o(.text.CAN1_SCE_IRQHandler) for CAN1_SCE_IRQHandler
    startup_stm32f407xx.o(RESET) refers to stm32f4xx_it.o(.text.TIM5_IRQHandler) for TIM5_IRQHandler
    startup_stm32f407xx.o(.text) refers (Special) to heapauxi.o(.text) for __use_two_region_memory
    startup_stm32f407xx.o(.text) refers to system_stm32f4xx.o(.text.SystemInit) for SystemInit
    startup_stm32f407xx.o(.text) refers to __main.o(!!!main) for __main
    startup_stm32f407xx.o(.text) refers to startup_stm32f407xx.o(HEAP) for Heap_Mem
    startup_stm32f407xx.o(.text) refers to startup_stm32f407xx.o(STACK) for Stack_Mem
    main.o(.ARM.exidx.text.linearMapping) refers to main.o(.text.linearMapping) for [Anonymous Symbol]
    main.o(.text.main) refers to stm32f4xx_hal.o(.text.HAL_Init) for HAL_Init
    main.o(.text.main) refers to main.o(.text.SystemClock_Config) for SystemClock_Config
    main.o(.text.main) refers to main.o(.text.MX_GPIO_Init) for MX_GPIO_Init
    main.o(.text.main) refers to main.o(.text.MX_CAN1_Init) for MX_CAN1_Init
    main.o(.text.main) refers to main.o(.text.MX_TIM5_Init) for MX_TIM5_Init
    main.o(.text.main) refers to main.o(.bss.hcan1) for hcan1
    main.o(.text.main) refers to callback.o(.bss.hcan1) for hcan1
    main.o(.text.main) refers to main.o(.data.filter_config) for filter_config
    main.o(.text.main) refers to callback.o(.data.filter_config) for filter_config
    main.o(.text.main) refers to stm32f4xx_hal_can.o(.text.HAL_CAN_ConfigFilter) for HAL_CAN_ConfigFilter
    main.o(.text.main) refers to stm32f4xx_hal_can.o(.text.HAL_CAN_Start) for HAL_CAN_Start
    main.o(.text.main) refers to stm32f4xx_hal_can.o(.text.HAL_CAN_ActivateNotification) for HAL_CAN_ActivateNotification
    main.o(.text.main) refers to main.o(.bss.htim5) for htim5
    main.o(.text.main) refers to callback.o(.bss.htim5) for htim5
    main.o(.text.main) refers to stm32f4xx_hal_tim.o(.text.HAL_TIM_Base_Start) for HAL_TIM_Base_Start
    main.o(.ARM.exidx.text.main) refers to main.o(.text.main) for [Anonymous Symbol]
    main.o(.text.SystemClock_Config) refers to rt_memclr_w.o(.text) for __aeabi_memclr4
    main.o(.text.SystemClock_Config) refers to stm32f4xx_hal_rcc.o(.text.HAL_RCC_OscConfig) for HAL_RCC_OscConfig
    main.o(.text.SystemClock_Config) refers to main.o(.text.Error_Handler) for Error_Handler
    main.o(.text.SystemClock_Config) refers to callback.o(.text.Error_Handler) for Error_Handler
    main.o(.text.SystemClock_Config) refers to stm32f4xx_hal_rcc.o(.text.HAL_RCC_ClockConfig) for HAL_RCC_ClockConfig
    main.o(.ARM.exidx.text.SystemClock_Config) refers to main.o(.text.SystemClock_Config) for [Anonymous Symbol]
    main.o(.ARM.exidx.text.MX_GPIO_Init) refers to main.o(.text.MX_GPIO_Init) for [Anonymous Symbol]
    main.o(.text.MX_CAN1_Init) refers to main.o(.bss.hcan1) for hcan1
    main.o(.text.MX_CAN1_Init) refers to callback.o(.bss.hcan1) for hcan1
    main.o(.text.MX_CAN1_Init) refers to stm32f4xx_hal_can.o(.text.HAL_CAN_Init) for HAL_CAN_Init
[...]
    stm32f4xx_hal_flash.o(.ARM.exidx.text.FLASH_SetErrorCode) refers to stm32f4xx_hal_flash.o(.text.FLASH_SetErrorCode) for [Anonymous Symbol]
    stm32f4xx_hal_flash.o(.ARM.exidx.text.HAL_FLASH_OperationErrorCallback) refers to stm32f4xx_hal_flash.o(.text.HAL_FLASH_OperationErrorCallback) for [Anonymous Symbol]
    stm32f4xx_hal_flash.o(.ARM.exidx.text.HAL_FLASH_EndOfOperationCallback) refers to stm32f4xx_hal_flash.o(.text.HAL_FLASH_EndOfOperationCallback) for [Anonymous Symbol]
    stm32f4xx_hal_flash.o(.ARM.exidx.text.HAL_FLASH_Unlock) refers to stm32f4xx_hal_flash.o(.text.HAL_FLASH_Unlock) for [Anonymous Symbol]
    stm32f4xx_hal_flash.o(.ARM.exidx.text.HAL_FLASH_Lock) refers to stm32f4xx_hal_flash.o(.text.HAL_FLASH_Lock) for [Anonymous Symbol]
    stm32f4xx_hal_flash.o(.ARM.exidx.text.HAL_FLASH_OB_Unlock) refers to stm32f4xx_hal_flash.o(.text.HAL_FLASH_OB_Unlock) for [Anonymous Symbol]
    stm32f4xx_hal_flash.o(.ARM.exidx.text.HAL_FLASH_OB_Lock) refers to stm32f4xx_hal_flash.o(.text.HAL_FLASH_OB_Lock) for [Anonymous Symbol]
    stm32f4xx_hal_flash.o(.text.HAL_FLASH_OB_Launch) refers to stm32f4xx_hal_flash.o(.text.FLASH_WaitForLastOperation) for FLASH_WaitForLastOperation
    stm32f4xx_hal_flash.o(.ARM.exidx.text.HAL_FLASH_OB_Launch) refers to stm32f4xx_hal_flash.o(.text.HAL_FLASH_OB_Launch) for [Anonymous Symbol]
    stm32f4xx_hal_flash.o(.text.HAL_FLASH_GetError) refers to stm32f4xx_hal_flash.o(.data.pFlash) for pFlash
    stm32f4xx_hal_flash.o(.ARM.exidx.text.HAL_FLASH_GetError) refers to stm32f4xx_hal_flash.o(.text.HAL_FLASH_GetError) for [Anonymous Symbol]
    stm32f4xx_hal_flash_ex.o(.text.HAL_FLASHEx_Erase) refers to stm32f4xx_hal_flash.o(.data.pFlash) for pFlash
    stm32f4xx_hal_flash_ex.o(.text.HAL_FLASHEx_Erase) refers to stm32f4xx_hal_flash.o(.text.FLASH_WaitForLastOperation) for FLASH_WaitForLastOperation
    stm32f4xx_hal_flash_ex.o(.text.HAL_FLASHEx_Erase) refers to stm32f4xx_hal_flash_ex.o(.text.FLASH_MassErase) for FLASH_MassErase
    stm32f4xx_hal_flash_ex.o(.text.HAL_FLASHEx_Erase) refers to stm32f4xx_hal_flash_ex.o(.text.FLASH_Erase_Sector) for FLASH_Erase_Sector
    stm32f4xx_hal_flash_ex.o(.text.HAL_FLASHEx_Erase) refers to stm32f4xx_hal_flash_ex.o(.text.FLASH_FlushCaches) for FLASH_FlushCaches
    stm32f4xx_hal_flash_ex.o(.ARM.exidx.text.HAL_FLASHEx_Erase) refers to stm32f4xx_hal_flash_ex.o(.text.HAL_FLASHEx_Erase) for [Anonymous Symbol]
    stm32f4xx_hal_flash_ex.o(.ARM.exidx.text.FLASH_MassErase) refers to stm32f4xx_hal_flash_ex.o(.text.FLASH_MassErase) for [Anonymous Symbol]
    stm32f4xx_hal_flash_ex.o(.ARM.exidx.text.FLASH_Erase_Sector) refers to stm32f4xx_hal_flash_ex.o(.text.FLASH_Erase_Sector) for [Anonymous Symbol]
    stm32f4xx_hal_flash_ex.o(.ARM.exidx.text.FLASH_FlushCaches) refers to stm32f4xx_hal_flash_ex.o(.text.FLASH_FlushCaches) for [Anonymous Symbol]
    stm32f4xx_hal_flash_ex.o(.text.HAL_FLASHEx_Erase_IT) refers to stm32f4xx_hal_flash.o(.data.pFlash) for pFlash
    stm32f4xx_hal_flash_ex.o(.text.HAL_FLASHEx_Erase_IT) refers to stm32f4xx_hal_flash_ex.o(.text.FLASH_MassErase) for FLASH_MassErase
    stm32f4xx_hal_flash_ex.o(.text.HAL_FLASHEx_Erase_IT) refers to stm32f4xx_hal_flash_ex.o(.text.FLASH_Erase_Sector) for FLASH_Erase_Sector
    stm32f4xx_hal_flash_ex.o(.ARM.exidx.text.HAL_FLASHEx_Erase_IT) refers to stm32f4xx_hal_flash_ex.o(.text.HAL_FLASHEx_Erase_IT) for [Anonymous Symbol]
    stm32f4xx_hal_flash_ex.o(.text.HAL_FLASHEx_OBProgram) refers to stm32f4xx_hal_flash.o(.data.pFlash) for pFlash
    stm32f4xx_hal_flash_ex.o(.text.HAL_FLASHEx_OBProgram) refers to stm32f4xx_hal_flash_ex.o(.text.FLASH_OB_EnableWRP) for FLASH_OB_EnableWRP
    stm32f4xx_hal_flash_ex.o(.text.HAL_FLASHEx_OBProgram) refers to stm32f4xx_hal_flash_ex.o(.text.FLASH_OB_DisableWRP) for FLASH_OB_DisableWRP
    stm32f4xx_hal_flash_ex.o(.text.HAL_FLASHEx_OBProgram) refers to stm32f4xx_hal_flash_ex.o(.text.FLASH_OB_RDP_LevelConfig) for FLASH_OB_RDP_LevelConfig
    stm32f4xx_hal_flash_ex.o(.text.HAL_FLASHEx_OBProgram) refers to stm32f4xx_hal_flash_ex.o(.text.FLASH_OB_UserConfig) for FLASH_OB_UserConfig
    stm32f4xx_hal_flash_ex.o(.text.HAL_FLASHEx_OBProgram) refers to stm32f4xx_hal_flash_ex.o(.text.FLASH_OB_BOR_LevelConfig) for FLASH_OB_BOR_LevelConfig
    stm32f4xx_hal_flash_ex.o(.ARM.exidx.text.HAL_FLASHEx_OBProgram) refers to stm32f4xx_hal_flash_ex.o(.text.HAL_FLASHEx_OBProgram) for [Anonymous Symbol]
    stm32f4xx_hal_flash_ex.o(.text.FLASH_OB_EnableWRP) refers to stm32f4xx_hal_flash.o(.text.FLASH_WaitForLastOperation) for FLASH_WaitForLastOperation
    stm32f4xx_hal_flash_ex.o(.ARM.exidx.text.FLASH_OB_EnableWRP) refers to stm32f4xx_hal_flash_ex.o(.text.FLASH_OB_EnableWRP) for [Anonymous Symbol]
    stm32f4xx_hal_flash_ex.o(.text.FLASH_OB_DisableWRP) refers to stm32f4xx_hal_flash.o(.text.FLASH_WaitForLastOperation) for FLASH_WaitForLastOperation
    stm32f4xx_hal_flash_ex.o(.ARM.exidx.text.FLASH_OB_DisableWRP) refers to stm32f4xx_hal_flash_ex.o(.text.FLASH_OB_DisableWRP) for [Anonymous Symbol]
    stm32f4xx_hal_flash_ex.o(.text.FLASH_OB_RDP_LevelConfig) refers to stm32f4xx_hal_flash.o(.text.FLASH_WaitForLastOperation) for FLASH_WaitForLastOperation
    stm32f4xx_hal_flash_ex.o(.ARM.exidx.text.FLASH_OB_RDP_LevelConfig) refers to stm32f4xx_hal_flash_ex.o(.text.FLASH_OB_RDP_LevelConfig) for [Anonymous Symbol]
    stm32f4xx_hal_flash_ex.o(.text.FLASH_OB_UserConfig) refers to stm32f4xx_hal_flash.o(.text.FLASH_WaitForLastOperation) for FLASH_WaitForLastOperation
    stm32f4xx_hal_flash_ex.o(.ARM.exidx.text.FLASH_OB_UserConfig) refers to stm32f4xx_hal_flash_ex.o(.text.FLASH_OB_UserConfig) for [Anonymous Symbol]
    stm32f4xx_hal_flash_ex.o(.ARM.exidx.text.FLASH_OB_BOR_LevelConfig) refers to stm32f4xx_hal_flash_ex.o(.text.FLASH_OB_BOR_LevelConfig) for [Anonymous Symbol]
    stm32f4xx_hal_flash_ex.o(.text.HAL_FLASHEx_OBGetConfig) refers to stm32f4xx_hal_flash_ex.o(.text.FLASH_OB_GetWRP) for FLASH_OB_GetWRP
    stm32f4xx_hal_flash_ex.o(.text.HAL_FLASHEx_OBGetConfig) refers to stm32f4xx_hal_flash_ex.o(.text.FLASH_OB_GetRDP) for FLASH_OB_GetRDP
    stm32f4xx_hal_flash_ex.o(.text.HAL_FLASHEx_OBGetConfig) refers to stm32f4xx_hal_flash_ex.o(.text.FLASH_OB_GetUser) for FLASH_OB_GetUser
    stm32f4xx_hal_flash_ex.o(.text.HAL_FLASHEx_OBGetConfig) refers to stm32f4xx_hal_flash_ex.o(.text.FLASH_OB_GetBOR) for FLASH_OB_GetBOR
    stm32f4xx_hal_flash_ex.o(.ARM.exidx.text.HAL_FLASHEx_OBGetConfig) refers to stm32f4xx_hal_flash_ex.o(.text.HAL_FLASHEx_OBGetConfig) for [Anonymous Symbol]
    stm32f4xx_hal_flash_ex.o(.ARM.exidx.text.FLASH_OB_GetWRP) refers to stm32f4xx_hal_flash_ex.o(.text.FLASH_OB_GetWRP) for [Anonymous Symbol]
    stm32f4xx_hal_flash_ex.o(.ARM.exidx.text.FLASH_OB_GetRDP) refers to stm32f4xx_hal_flash_ex.o(.text.FLASH_OB_GetRDP) for [Anonymous Symbol]
    stm32f4xx_hal_flash_ex.o(.ARM.exidx.text.FLASH_OB_GetUser) refers to stm32f4xx_hal_flash_ex.o(.text.FLASH_OB_GetUser) for [Anonymous Symbol]
    stm32f4xx_hal_flash_ex.o(.ARM.exidx.text.FLASH_OB_GetBOR) refers to stm32f4xx_hal_flash_ex.o(.text.FLASH_OB_GetBOR) for [Anonymous Symbol]
    stm32f4xx_hal_gpio.o(.ARM.exidx.text.HAL_GPIO_Init) refers to stm32f4xx_hal_gpio.o(.text.HAL_GPIO_Init) for [Anonymous Symbol]
    stm32f4xx_hal_gpio.o(.ARM.exidx.text.HAL_GPIO_DeInit) refers to stm32f4xx_hal_gpio.o(.text.HAL_GPIO_DeInit) for [Anonymous Symbol]
    stm32f4xx_hal_gpio.o(.ARM.exidx.text.HAL_GPIO_ReadPin) refers to stm32f4xx_hal_gpio.o(.text.HAL_GPIO_ReadPin) for [Anonymous Symbol]
    stm32f4xx_hal_gpio.o(.ARM.exidx.text.HAL_GPIO_WritePin) refers to stm32f4xx_hal_gpio.o(.text.HAL_GPIO_WritePin) for [Anonymous Symbol]
    stm32f4xx_hal_gpio.o(.ARM.exidx.text.HAL_GPIO_TogglePin) refers to stm32f4xx_hal_gpio.o(.text.HAL_GPIO_TogglePin) for [Anonymous Symbol]
    stm32f4xx_hal_gpio.o(.ARM.exidx.text.HAL_GPIO_LockPin) refers to stm32f4xx_hal_gpio.o(.text.HAL_GPIO_LockPin) for [Anonymous Symbol]
    stm32f4xx_hal_gpio.o(.text.HAL_GPIO_EXTI_IRQHandler) refers to stm32f4xx_hal_gpio.o(.text.HAL_GPIO_EXTI_Callback) for HAL_GPIO_EXTI_Callback
    stm32f4xx_hal_gpio.o(.ARM.exidx.text.HAL_GPIO_EXTI_IRQHandler) refers to stm32f4xx_hal_gpio.o(.text.HAL_GPIO_EXTI_IRQHandler) for [Anonymous Symbol]
    stm32f4xx_hal_gpio.o(.ARM.exidx.text.HAL_GPIO_EXTI_Callback) refers to stm32f4xx_hal_gpio.o(.text.HAL_GPIO_EXTI_Callback) for [Anonymous Symbol]
    stm32f4xx_hal_dma_ex.o(.text.HAL_DMAEx_MultiBufferStart) refers to stm32f4xx_hal_dma_ex.o(.text.DMA_MultiBufferSetConfig) for DMA_MultiBufferSetConfig
    stm32f4xx_hal_dma_ex.o(.ARM.exidx.text.HAL_DMAEx_MultiBufferStart) refers to stm32f4xx_hal_dma_ex.o(.text.HAL_DMAEx_MultiBufferStart) for [Anonymous Symbol]
    stm32f4xx_hal_dma_ex.o(.ARM.exidx.text.DMA_MultiBufferSetConfig) refers to stm32f4xx_hal_dma_ex.o(.text.DMA_MultiBufferSetConfig) for [Anonymous Symbol]
    stm32f4xx_hal_dma_ex.o(.text.HAL_DMAEx_MultiBufferStart_IT) refers to stm32f4xx_hal_dma_ex.o(.text.DMA_MultiBufferSetConfig) for DMA_MultiBufferSetConfig
    stm32f4xx_hal_dma_ex.o(.ARM.exidx.text.HAL_DMAEx_MultiBufferStart_IT) refers to stm32f4xx_hal_dma_ex.o(.text.HAL_DMAEx_MultiBufferStart_IT) for [Anonymous Symbol]
    stm32f4xx_hal_dma_ex.o(.ARM.exidx.text.HAL_DMAEx_ChangeMemory) refers to stm32f4xx_hal_dma_ex.o(.text.HAL_DMAEx_ChangeMemory) for [Anonymous Symbol]
    stm32f4xx_hal_dma.o(.text.HAL_DMA_Init) refers to stm32f4xx_hal.o(.text.HAL_GetTick) for HAL_GetTick
    stm32f4xx_hal_dma.o(.text.HAL_DMA_Init) refers to stm32f4xx_hal_dma.o(.text.DMA_CheckFifoParam) for DMA_CheckFifoParam
    stm32f4xx_hal_dma.o(.text.HAL_DMA_Init) refers to stm32f4xx_hal_dma.o(.text.DMA_CalcBaseAndBitshift) for DMA_CalcBaseAndBitshift
    stm32f4xx_hal_dma.o(.ARM.exidx.text.HAL_DMA_Init) refers to stm32f4xx_hal_dma.o(.text.HAL_DMA_Init) for [Anonymous Symbol]
    stm32f4xx_hal_dma.o(.ARM.exidx.text.DMA_CheckFifoParam) refers to stm32f4xx_hal_dma.o(.text.DMA_CheckFifoParam) for [Anonymous Symbol]
    stm32f4xx_hal_dma.o(.text.DMA_CalcBaseAndBitshift) refers to stm32f4xx_hal_dma.o(.rodata.DMA_CalcBaseAndBitshift.flagBitshiftOffset) for DMA_CalcBaseAndBitshift.flagBitshiftOffset
    stm32f4xx_hal_dma.o(.ARM.exidx.text.DMA_CalcBaseAndBitshift) refers to stm32f4xx_hal_dma.o(.text.DMA_CalcBaseAndBitshift) for [Anonymous Symbol]
    stm32f4xx_hal_dma.o(.text.HAL_DMA_DeInit) refers to stm32f4xx_hal_dma.o(.text.DMA_CalcBaseAndBitshift) for DMA_CalcBaseAndBitshift
    stm32f4xx_hal_dma.o(.ARM.exidx.text.HAL_DMA_DeInit) refers to stm32f4xx_hal_dma.o(.text.HAL_DMA_DeInit) for [Anonymous Symbol]
    stm32f4xx_hal_dma.o(.text.HAL_DMA_Start) refers to stm32f4xx_hal_dma.o(.text.DMA_SetConfig) for DMA_SetConfig
    stm32f4xx_hal_dma.o(.ARM.exidx.text.HAL_DMA_Start) refers to stm32f4xx_hal_dma.o(.text.HAL_DMA_Start) for [Anonymous Symbol]
    stm32f4xx_hal_dma.o(.ARM.exidx.text.DMA_SetConfig) refers to stm32f4xx_hal_dma.o(.text.DMA_SetConfig) for [Anonymous Symbol]
    stm32f4xx_hal_dma.o(.text.HAL_DMA_Start_IT) refers to stm32f4xx_hal_dma.o(.text.DMA_SetConfig) for DMA_SetConfig
    stm32f4xx_hal_dma.o(.ARM.exidx.text.HAL_DMA_Start_IT) refers to stm32f4xx_hal_dma.o(.text.HAL_DMA_Start_IT) for [Anonymous Symbol]
    stm32f4xx_hal_dma.o(.text.HAL_DMA_Abort) refers to stm32f4xx_hal.o(.text.HAL_GetTick) for HAL_GetTick
    stm32f4xx_hal_dma.o(.ARM.exidx.text.HAL_DMA_Abort) refers to stm32f4xx_hal_dma.o(.text.HAL_DMA_Abort) for [Anonymous Symbol]
    stm32f4xx_hal_dma.o(.ARM.exidx.text.HAL_DMA_Abort_IT) refers to stm32f4xx_hal_dma.o(.text.HAL_DMA_Abort_IT) for [Anonymous Symbol]
    stm32f4xx_hal_dma.o(.text.HAL_DMA_PollForTransfer) refers to stm32f4xx_hal.o(.text.HAL_GetTick) for HAL_GetTick
    stm32f4xx_hal_dma.o(.text.HAL_DMA_PollForTransfer) refers to stm32f4xx_hal_dma.o(.text.HAL_DMA_Abort) for HAL_DMA_Abort
    stm32f4xx_hal_dma.o(.ARM.exidx.text.HAL_DMA_PollForTransfer) refers to stm32f4xx_hal_dma.o(.text.HAL_DMA_PollForTransfer) for [Anonymous Symbol]
    stm32f4xx_hal_dma.o(.text.HAL_DMA_IRQHandler) refers to system_stm32f4xx.o(.data.SystemCoreClock) for SystemCoreClock
    stm32f4xx_hal_dma.o(.ARM.exidx.text.HAL_DMA_IRQHandler) refers to stm32f4xx_hal_dma.o(.text.HAL_DMA_IRQHandler) for [Anonymous Symbol]
    stm32f4xx_hal_dma.o(.ARM.exidx.text.HAL_DMA_RegisterCallback) refers to stm32f4xx_hal_dma.o(.text.HAL_DMA_RegisterCallback) for [Anonymous Symbol]
    stm32f4xx_hal_dma.o(.ARM.exidx.text.HAL_DMA_UnRegisterCallback) refers to stm32f4xx_hal_dma.o(.text.HAL_DMA_UnRegisterCallback) for [Anonymous Symbol]
    stm32f4xx_hal_dma.o(.ARM.exidx.text.HAL_DMA_GetState) refers to stm32f4xx_hal_dma.o(.text.HAL_DMA_GetState) for [Anonymous Symbol]
    stm32f4xx_hal_dma.o(.ARM.exidx.text.HAL_DMA_GetError) refers to stm32f4xx_hal_dma.o(.text.HAL_DMA_GetError) for [Anonymous Symbol]
    stm32f4xx_hal_pwr.o(.ARM.exidx.text.HAL_PWR_DeInit) refers to stm32f4xx_hal_pwr.o(.text.HAL_PWR_DeInit) for [Anonymous Symbol]
    stm32f4xx_hal_pwr.o(.ARM.exidx.text.HAL_PWR_EnableBkUpAccess) refers to stm32f4xx_hal_pwr.o(.text.HAL_PWR_EnableBkUpAccess) for [Anonymous Symbol]
    stm32f4xx_hal_pwr.o(.ARM.exidx.text.HAL_PWR_DisableBkUpAccess) refers to stm32f4xx_hal_pwr.o(.text.HAL_PWR_DisableBkUpAccess) for [Anonymous Symbol]
    stm32f4xx_hal_pwr.o(.ARM.exidx.text.HAL_PWR_ConfigPVD) refers to stm32f4xx_hal_pwr.o(.text.HAL_PWR_ConfigPVD) for [Anonymous Symbol]
    stm32f4xx_hal_pwr.o(.ARM.exidx.text.HAL_PWR_EnablePVD) refers to stm32f4xx_hal_pwr.o(.text.HAL_PWR_EnablePVD) for [Anonymous Symbol]
    stm32f4xx_hal_pwr.o(.ARM.exidx.text.HAL_PWR_DisablePVD) refers to stm32f4xx_hal_pwr.o(.text.HAL_PWR_DisablePVD) for [Anonymous Symbol]
    stm32f4xx_hal_pwr.o(.ARM.exidx.text.HAL_PWR_EnableWakeUpPin) refers to stm32f4xx_hal_pwr.o(.text.HAL_PWR_EnableWakeUpPin) for [Anonymous Symbol]
    stm32f4xx_hal_pwr.o(.ARM.exidx.text.HAL_PWR_DisableWakeUpPin) refers to stm32f4xx_hal_pwr.o(.text.HAL_PWR_DisableWakeUpPin) for [Anonymous Symbol]
    stm32f4xx_hal_pwr.o(.ARM.exidx.text.HAL_PWR_EnterSLEEPMode) refers to stm32f4xx_hal_pwr.o(.text.HAL_PWR_EnterSLEEPMode) for [Anonymous Symbol]
    stm32f4xx_hal_pwr.o(.ARM.exidx.text.HAL_PWR_EnterSTOPMode) refers to stm32f4xx_hal_pwr.o(.text.HAL_PWR_EnterSTOPMode) for [Anonymous Symbol]
    stm32f4xx_hal_pwr.o(.ARM.exidx.text.HAL_PWR_EnterSTANDBYMode) refers to stm32f4xx_hal_pwr.o(.text.HAL_PWR_EnterSTANDBYMode) for [Anonymous Symbol]
    stm32f4xx_hal_pwr.o(.text.HAL_PWR_PVD_IRQHandler) refers to stm32f4xx_hal_pwr.o(.text.HAL_PWR_PVDCallback) for HAL_PWR_PVDCallback
    stm32f4xx_hal_pwr.o(.ARM.exidx.text.HAL_PWR_PVD_IRQHandler) refers to stm32f4xx_hal_pwr.o(.text.HAL_PWR_PVD_IRQHandler) for [Anonymous Symbol]
    stm32f4xx_hal_pwr.o(.ARM.exidx.text.HAL_PWR_PVDCallback) refers to stm32f4xx_hal_pwr.o(.text.HAL_PWR_PVDCallback) for [Anonymous Symbol]
    stm32f4xx_hal_pwr.o(.ARM.exidx.text.HAL_PWR_EnableSleepOnExit) refers to stm32f4xx_hal_pwr.o(.text.HAL_PWR_EnableSleepOnExit) for [Anonymous Symbol]
    stm32f4xx_hal_pwr.o(.ARM.exidx.text.HAL_PWR_DisableSleepOnExit) refers to stm32f4xx_hal_pwr.o(.text.HAL_PWR_DisableSleepOnExit) for [Anonymous Symbol]
    stm32f4xx_hal_pwr.o(.ARM.exidx.text.HAL_PWR_EnableSEVOnPend) refers to stm32f4xx_hal_pwr.o(.text.HAL_PWR_EnableSEVOnPend) for [Anonymous Symbol]
    stm32f4xx_hal_pwr.o(.ARM.exidx.text.HAL_PWR_DisableSEVOnPend) refers to stm32f4xx_hal_pwr.o(.text.HAL_PWR_DisableSEVOnPend) for [Anonymous Symbol]
    stm32f4xx_hal_pwr_ex.o(.text.HAL_PWREx_EnableBkUpReg) refers to stm32f4xx_hal.o(.text.HAL_GetTick) for HAL_GetTick
    stm32f4xx_hal_pwr_ex.o(.ARM.exidx.text.HAL_PWREx_EnableBkUpReg) refers to stm32f4xx_hal_pwr_ex.o(.text.HAL_PWREx_EnableBkUpReg) for [Anonymous Symbol]
    stm32f4xx_hal_pwr_ex.o(.text.HAL_PWREx_DisableBkUpReg) refers to stm32f4xx_hal.o(.text.HAL_GetTick) for HAL_GetTick
    stm32f4xx_hal_pwr_ex.o(.ARM.exidx.text.HAL_PWREx_DisableBkUpReg) refers to stm32f4xx_hal_pwr_ex.o(.text.HAL_PWREx_DisableBkUpReg) for [Anonymous Symbol]
    stm32f4xx_hal_pwr_ex.o(.ARM.exidx.text.HAL_PWREx_EnableFlashPowerDown) refers to stm32f4xx_hal_pwr_ex.o(.text.HAL_PWREx_EnableFlashPowerDown) for [Anonymous Symbol]
    stm32f4xx_hal_pwr_ex.o(.ARM.exidx.text.HAL_PWREx_DisableFlashPowerDown) refers to stm32f4xx_hal_pwr_ex.o(.text.HAL_PWREx_DisableFlashPowerDown) for [Anonymous Symbol]
    stm32f4xx_hal_pwr_ex.o(.ARM.exidx.text.HAL_PWREx_GetVoltageRange) refers to stm32f4xx_hal_pwr_ex.o(.text.HAL_PWREx_GetVoltageRange) for [Anonymous Symbol]
    stm32f4xx_hal_pwr_ex.o(.text.HAL_PWREx_ControlVoltageScaling) refers to stm32f4xx_hal.o(.text.HAL_GetTick) for HAL_GetTick
    stm32f4xx_hal_pwr_ex.o(.ARM.exidx.text.HAL_PWREx_ControlVoltageScaling) refers to stm32f4xx_hal_pwr_ex.o(.text.HAL_PWREx_ControlVoltageScaling) for [Anonymous Symbol]
    stm32f4xx_hal_cortex.o(.text.HAL_NVIC_SetPriorityGrouping) refers to stm32f4xx_hal_cortex.o(.text.__NVIC_SetPriorityGrouping) for __NVIC_SetPriorityGrouping
    stm32f4xx_hal_cortex.o(.ARM.exidx.text.HAL_NVIC_SetPriorityGrouping) refers to stm32f4xx_hal_cortex.o(.text.HAL_NVIC_SetPriorityGrouping) for [Anonymous Symbol]
    stm32f4xx_hal_cortex.o(.ARM.exidx.text.__NVIC_SetPriorityGrouping) refers to stm32f4xx_hal_cortex.o(.text.__NVIC_SetPriorityGrouping) for [Anonymous Symbol]
    stm32f4xx_hal_cortex.o(.text.HAL_NVIC_SetPriority) refers to stm32f4xx_hal_cortex.o(.text.__NVIC_GetPriorityGrouping) for __NVIC_GetPriorityGrouping
    stm32f4xx_hal_cortex.o(.text.HAL_NVIC_SetPriority) refers to stm32f4xx_hal_cortex.o(.text.NVIC_EncodePriority) for NVIC_EncodePriority
    stm32f4xx_hal_cortex.o(.text.HAL_NVIC_SetPriority) refers to stm32f4xx_hal_cortex.o(.text.__NVIC_SetPriority) for __NVIC_SetPriority
    stm32f4xx_hal_cortex.o(.ARM.exidx.text.HAL_NVIC_SetPriority) refers to stm32f4xx_hal_cortex.o(.text.HAL_NVIC_SetPriority) for [Anonymous Symbol]
    stm32f4xx_hal_cortex.o(.ARM.exidx.text.__NVIC_GetPriorityGrouping) refers to stm32f4xx_hal_cortex.o(.text.__NVIC_GetPriorityGrouping) for [Anonymous Symbol]
    stm32f4xx_hal_cortex.o(.ARM.exidx.text.__NVIC_SetPriority) refers to stm32f4xx_hal_cortex.o(.text.__NVIC_SetPriority) for [Anonymous Symbol]
    stm32f4xx_hal_cortex.o(.ARM.exidx.text.NVIC_EncodePriority) refers to stm32f4xx_hal_cortex.o(.text.NVIC_EncodePriority) for [Anonymous Symbol]
    stm32f4xx_hal_cortex.o(.text.HAL_NVIC_EnableIRQ) refers to stm32f4xx_hal_cortex.o(.text.__NVIC_EnableIRQ) for __NVIC_EnableIRQ
    stm32f4xx_hal_cortex.o(.ARM.exidx.text.HAL_NVIC_EnableIRQ) refers to stm32f4xx_hal_cortex.o(.text.HAL_NVIC_EnableIRQ) for [Anonymous Symbol]
    stm32f4xx_hal_cortex.o(.ARM.exidx.text.__NVIC_EnableIRQ) refers to stm32f4xx_hal_cortex.o(.text.__NVIC_EnableIRQ) for [Anonymous Symbol]
    stm32f4xx_hal_cortex.o(.text.HAL_NVIC_DisableIRQ) refers to stm32f4xx_hal_cortex.o(.text.__NVIC_DisableIRQ) for __NVIC_DisableIRQ
    stm32f4xx_hal_cortex.o(.ARM.exidx.text.HAL_NVIC_DisableIRQ) refers to stm32f4xx_hal_cortex.o(.text.HAL_NVIC_DisableIRQ) for [Anonymous Symbol]
    stm32f4xx_hal_cortex.o(.ARM.exidx.text.__NVIC_DisableIRQ) refers to stm32f4xx_hal_cortex.o(.text.__NVIC_DisableIRQ) for [Anonymous Symbol]
    stm32f4xx_hal_cortex.o(.text.HAL_NVIC_SystemReset) refers to stm32f4xx_hal_cortex.o(.text.__NVIC_SystemReset) for __NVIC_SystemReset
    stm32f4xx_hal_cortex.o(.ARM.exidx.text.HAL_NVIC_SystemReset) refers to stm32f4xx_hal_cortex.o(.text.HAL_NVIC_SystemReset) for [Anonymous Symbol]
    stm32f4xx_hal_cortex.o(.ARM.exidx.text.__NVIC_SystemReset) refers to stm32f4xx_hal_cortex.o(.text.__NVIC_SystemReset) for [Anonymous Symbol]
    stm32f4xx_hal_cortex.o(.text.HAL_SYSTICK_Config) refers to stm32f4xx_hal_cortex.o(.text.SysTick_Config) for SysTick_Config
    stm32f4xx_hal_cortex.o(.ARM.exidx.text.HAL_SYSTICK_Config) refers to stm32f4xx_hal_cortex.o(.text.HAL_SYSTICK_Config) for [Anonymous Symbol]
    stm32f4xx_hal_cortex.o(.text.SysTick_Config) refers to stm32f4xx_hal_cortex.o(.text.__NVIC_SetPriority) for __NVIC_SetPriority
    stm32f4xx_hal_cortex.o(.ARM.exidx.text.SysTick_Config) refers to stm32f4xx_hal_cortex.o(.text.SysTick_Config) for [Anonymous Symbol]
    stm32f4xx_hal_cortex.o(.ARM.exidx.text.HAL_MPU_Disable) refers to stm32f4xx_hal_cortex.o(.text.HAL_MPU_Disable) for [Anonymous Symbol]
    stm32f4xx_hal_cortex.o(.ARM.exidx.text.HAL_MPU_Enable) refers to stm32f4xx_hal_cortex.o(.text.HAL_MPU_Enable) for [Anonymous Symbol]
    stm32f4xx_hal_cortex.o(.ARM.exidx.text.HAL_MPU_EnableRegion) refers to stm32f4xx_hal_cortex.o(.text.HAL_MPU_EnableRegion) for [Anonymous Symbol]
    stm32f4xx_hal_cortex.o(.ARM.exidx.text.HAL_MPU_DisableRegion) refers to stm32f4xx_hal_cortex.o(.text.HAL_MPU_DisableRegion) for [Anonymous Symbol]
    stm32f4xx_hal_cortex.o(.ARM.exidx.text.HAL_MPU_ConfigRegion) refers to stm32f4xx_hal_cortex.o(.text.HAL_MPU_ConfigRegion) for [Anonymous Symbol]
    stm32f4xx_hal_cortex.o(.ARM.exidx.text.HAL_CORTEX_ClearEvent) refers to stm32f4xx_hal_cortex.o(.text.HAL_CORTEX_ClearEvent) for [Anonymous Symbol]
    stm32f4xx_hal_cortex.o(.text.HAL_NVIC_GetPriorityGrouping) refers to stm32f4xx_hal_cortex.o(.text.__NVIC_GetPriorityGrouping) for __NVIC_GetPriorityGrouping
    stm32f4xx_hal_cortex.o(.ARM.exidx.text.HAL_NVIC_GetPriorityGrouping) refers to stm32f4xx_hal_cortex.o(.text.HAL_NVIC_GetPriorityGrouping) for [Anonymous Symbol]
    stm32f4xx_hal_cortex.o(.text.HAL_NVIC_GetPriority) refers to stm32f4xx_hal_cortex.o(.text.__NVIC_GetPriority) for __NVIC_GetPriority
    stm32f4xx_hal_cortex.o(.text.HAL_NVIC_GetPriority) refers to stm32f4xx_hal_cortex.o(.text.NVIC_DecodePriority) for NVIC_DecodePriority
    stm32f4xx_hal_cortex.o(.ARM.exidx.text.HAL_NVIC_GetPriority) refers to stm32f4xx_hal_cortex.o(.text.HAL_NVIC_GetPriority) for [Anonymous Symbol]
    stm32f4xx_hal_cortex.o(.ARM.exidx.text.NVIC_DecodePriority) refers to stm32f4xx_hal_cortex.o(.text.NVIC_DecodePriority) for [Anonymous Symbol]
    stm32f4xx_hal_cortex.o(.ARM.exidx.text.__NVIC_GetPriority) refers to stm32f4xx_hal_cortex.o(.text.__NVIC_GetPriority) for [Anonymous Symbol]
    stm32f4xx_hal_cortex.o(.text.HAL_NVIC_SetPendingIRQ) refers to stm32f4xx_hal_cortex.o(.text.__NVIC_SetPendingIRQ) for __NVIC_SetPendingIRQ
    stm32f4xx_hal_cortex.o(.ARM.exidx.text.HAL_NVIC_SetPendingIRQ) refers to stm32f4xx_hal_cortex.o(.text.HAL_NVIC_SetPendingIRQ) for [Anonymous Symbol]
    stm32f4xx_hal_cortex.o(.ARM.exidx.text.__NVIC_SetPendingIRQ) refers to stm32f4xx_hal_cortex.o(.text.__NVIC_SetPendingIRQ) for [Anonymous Symbol]
    stm32f4xx_hal_cortex.o(.text.HAL_NVIC_GetPendingIRQ) refers to stm32f4xx_hal_cortex.o(.text.__NVIC_GetPendingIRQ) for __NVIC_GetPendingIRQ
    stm32f4xx_hal_cortex.o(.ARM.exidx.text.HAL_NVIC_GetPendingIRQ) refers to stm32f4xx_hal_cortex.o(.text.HAL_NVIC_GetPendingIRQ) for [Anonymous Symbol]
    stm32f4xx_hal_cortex.o(.ARM.exidx.text.__NVIC_GetPendingIRQ) refers to stm32f4xx_hal_cortex.o(.text.__NVIC_GetPendingIRQ) for [Anonymous Symbol]
    stm32f4xx_hal_cortex.o(.text.HAL_NVIC_ClearPendingIRQ) refers to stm32f4xx_hal_cortex.o(.text.__NVIC_ClearPendingIRQ) for __NVIC_ClearPendingIRQ
    stm32f4xx_hal_cortex.o(.ARM.exidx.text.HAL_NVIC_ClearPendingIRQ) refers to stm32f4xx_hal_cortex.o(.text.HAL_NVIC_ClearPendingIRQ) for [Anonymous Symbol]
    stm32f4xx_hal_cortex.o(.ARM.exidx.text.__NVIC_ClearPendingIRQ) refers to stm32f4xx_hal_cortex.o(.text.__NVIC_ClearPendingIRQ) for [Anonymous Symbol]
    stm32f4xx_hal_cortex.o(.text.HAL_NVIC_GetActive) refers to stm32f4xx_hal_cortex.o(.text.__NVIC_GetActive) for __NVIC_GetActive
    stm32f4xx_hal_cortex.o(.ARM.exidx.text.HAL_NVIC_GetActive) refers to stm32f4xx_hal_cortex.o(.text.HAL_NVIC_GetActive) for [Anonymous Symbol]
    stm32f4xx_hal_cortex.o(.ARM.exidx.text.__NVIC_GetActive) refers to stm32f4xx_hal_cortex.o(.text.__NVIC_GetActive) for [Anonymous Symbol]
    stm32f4xx_hal_cortex.o(.ARM.exidx.text.HAL_SYSTICK_CLKSourceConfig) refers to stm32f4xx_hal_cortex.o(.text.HAL_SYSTICK_CLKSourceConfig) for [Anonymous Symbol]
    stm32f4xx_hal_cortex.o(.text.HAL_SYSTICK_IRQHandler) refers to stm32f4xx_hal_cortex.o(.text.HAL_SYSTICK_Callback) for HAL_SYSTICK_Callback
    stm32f4xx_hal_cortex.o(.ARM.exidx.text.HAL_SYSTICK_IRQHandler) refers to stm32f4xx_hal_cortex.o(.text.HAL_SYSTICK_IRQHandler) for [Anonymous Symbol]
    stm32f4xx_hal_cortex.o(.ARM.exidx.text.HAL_SYSTICK_Callback) refers to stm32f4xx_hal_cortex.o(.text.HAL_SYSTICK_Callback) for [Anonymous Symbol]
    stm32f4xx_hal.o(.text.HAL_Init) refers to stm32f4xx_hal_cortex.o(.text.HAL_NVIC_SetPriorityGrouping) for HAL_NVIC_SetPriorityGrouping
    stm32f4xx_hal.o(.text.HAL_Init) refers to stm32f4xx_hal.o(.text.HAL_InitTick) for HAL_InitTick
    stm32f4xx_hal.o(.text.HAL_Init) refers to stm32f4xx_hal_msp.o(.text.HAL_MspInit) for HAL_MspInit
    stm32f4xx_hal.o(.ARM.exidx.text.HAL_Init) refers to stm32f4xx_hal.o(.text.HAL_Init) for [Anonymous Symbol]
    stm32f4xx_hal.o(.text.HAL_InitTick) refers to system_stm32f4xx.o(.data.SystemCoreClock) for SystemCoreClock
    stm32f4xx_hal.o(.text.HAL_InitTick) refers to stm32f4xx_hal.o(.data.uwTickFreq) for uwTickFreq
    stm32f4xx_hal.o(.text.HAL_InitTick) refers to stm32f4xx_hal_cortex.o(.text.HAL_SYSTICK_Config) for HAL_SYSTICK_Config
    stm32f4xx_hal.o(.text.HAL_InitTick) refers to stm32f4xx_hal_cortex.o(.text.HAL_NVIC_SetPriority) for HAL_NVIC_SetPriority
    stm32f4xx_hal.o(.text.HAL_InitTick) refers to stm32f4xx_hal.o(.data.uwTickPrio) for uwTickPrio
    stm32f4xx_hal.o(.ARM.exidx.text.HAL_InitTick) refers to stm32f4xx_hal.o(.text.HAL_InitTick) for [Anonymous Symbol]
    stm32f4xx_hal.o(.ARM.exidx.text.HAL_MspInit) refers to stm32f4xx_hal.o(.text.HAL_MspInit) for [Anonymous Symbol]
    stm32f4xx_hal.o(.text.HAL_DeInit) refers to stm32f4xx_hal.o(.text.HAL_MspDeInit) for HAL_MspDeInit
    stm32f4xx_hal.o(.ARM.exidx.text.HAL_DeInit) refers to stm32f4xx_hal.o(.text.HAL_DeInit) for [Anonymous Symbol]
    stm32f4xx_hal.o(.ARM.exidx.text.HAL_MspDeInit) refers to stm32f4xx_hal.o(.text.HAL_MspDeInit) for [Anonymous Symbol]
    stm32f4xx_hal.o(.text.HAL_IncTick) refers to stm32f4xx_hal.o(.data.uwTickFreq) for uwTickFreq
    stm32f4xx_hal.o(.text.HAL_IncTick) refers to stm32f4xx_hal.o(.bss.uwTick) for uwTick
    stm32f4xx_hal.o(.ARM.exidx.text.HAL_IncTick) refers to stm32f4xx_hal.o(.text.HAL_IncTick) for [Anonymous Symbol]
    stm32f4xx_hal.o(.text.HAL_GetTick) refers to stm32f4xx_hal.o(.bss.uwTick) for uwTick
    stm32f4xx_hal.o(.ARM.exidx.text.HAL_GetTick) refers to stm32f4xx_hal.o(.text.HAL_GetTick) for [Anonymous Symbol]
    stm32f4xx_hal.o(.text.HAL_GetTickPrio) refers to stm32f4xx_hal.o(.data.uwTickPrio) for uwTickPrio
    stm32f4xx_hal.o(.ARM.exidx.text.HAL_GetTickPrio) refers to stm32f4xx_hal.o(.text.HAL_GetTickPrio) for [Anonymous Symbol]
    stm32f4xx_hal.o(.text.HAL_SetTickFreq) refers to stm32f4xx_hal.o(.data.uwTickFreq) for uwTickFreq
    stm32f4xx_hal.o(.text.HAL_SetTickFreq) refers to stm32f4xx_hal.o(.data.uwTickPrio) for uwTickPrio
    stm32f4xx_hal.o(.text.HAL_SetTickFreq) refers to stm32f4xx_hal.o(.text.HAL_InitTick) for HAL_InitTick
    stm32f4xx_hal.o(.ARM.exidx.text.HAL_SetTickFreq) refers to stm32f4xx_hal.o(.text.HAL_SetTickFreq) for [Anonymous Symbol]
    stm32f4xx_hal.o(.text.HAL_GetTickFreq) refers to stm32f4xx_hal.o(.data.uwTickFreq) for uwTickFreq
    stm32f4xx_hal.o(.ARM.exidx.text.HAL_GetTickFreq) refers to stm32f4xx_hal.o(.text.HAL_GetTickFreq) for [Anonymous Symbol]
    stm32f4xx_hal.o(.text.HAL_Delay) refers to stm32f4xx_hal.o(.text.HAL_GetTick) for HAL_GetTick
    stm32f4xx_hal.o(.text.HAL_Delay) refers to stm32f4xx_hal.o(.data.uwTickFreq) for uwTickFreq
    stm32f4xx_hal.o(.ARM.exidx.text.HAL_Delay) refers to stm32f4xx_hal.o(.text.HAL_Delay) for [Anonymous Symbol]
    stm32f4xx_hal.o(.ARM.exidx.text.HAL_SuspendTick) refers to stm32f4xx_hal.o(.text.HAL_SuspendTick) for [Anonymous Symbol]
    stm32f4xx_hal.o(.ARM.exidx.text.HAL_ResumeTick) refers to stm32f4xx_hal.o(.text.HAL_ResumeTick) for [Anonymous Symbol]
    stm32f4xx_hal.o(.ARM.exidx.text.HAL_GetHalVersion) refers to stm32f4xx_hal.o(.text.HAL_GetHalVersion) for [Anonymous Symbol]
    stm32f4xx_hal.o(.ARM.exidx.text.HAL_GetREVID) refers to stm32f4xx_hal.o(.text.HAL_GetREVID) for [Anonymous Symbol]
    stm32f4xx_hal.o(.ARM.exidx.text.HAL_GetDEVID) refers to stm32f4xx_hal.o(.text.HAL_GetDEVID) for [Anonymous Symbol]
    stm32f4xx_hal.o(.ARM.exidx.text.HAL_DBGMCU_EnableDBGSleepMode) refers to stm32f4xx_hal.o(.text.HAL_DBGMCU_EnableDBGSleepMode) for [Anonymous Symbol]
    stm32f4xx_hal.o(.ARM.exidx.text.HAL_DBGMCU_DisableDBGSleepMode) refers to stm32f4xx_hal.o(.text.HAL_DBGMCU_DisableDBGSleepMode) for [Anonymous Symbol]
    stm32f4xx_hal.o(.ARM.exidx.text.HAL_DBGMCU_EnableDBGStopMode) refers to stm32f4xx_hal.o(.text.HAL_DBGMCU_EnableDBGStopMode) for [Anonymous Symbol]
    stm32f4xx_hal.o(.ARM.exidx.text.HAL_DBGMCU_DisableDBGStopMode) refers to stm32f4xx_hal.o(.text.HAL_DBGMCU_DisableDBGStopMode) for [Anonymous Symbol]
    stm32f4xx_hal.o(.ARM.exidx.text.HAL_DBGMCU_EnableDBGStandbyMode) refers to stm32f4xx_hal.o(.text.HAL_DBGMCU_EnableDBGStandbyMode) for [Anonymous Symbol]
    stm32f4xx_hal.o(.ARM.exidx.text.HAL_DBGMCU_DisableDBGStandbyMode) refers to stm32f4xx_hal.o(.text.HAL_DBGMCU_DisableDBGStandbyMode) for [Anonymous Symbol]
    stm32f4xx_hal.o(.ARM.exidx.text.HAL_EnableCompensationCell) refers to stm32f4xx_hal.o(.text.HAL_EnableCompensationCell) for [Anonymous Symbol]
    stm32f4xx_hal.o(.ARM.exidx.text.HAL_DisableCompensationCell) refers to stm32f4xx_hal.o(.text.HAL_DisableCompensationCell) for [Anonymous Symbol]
    stm32f4xx_hal.o(.ARM.exidx.text.HAL_GetUIDw0) refers to stm32f4xx_hal.o(.text.HAL_GetUIDw0) for [Anonymous Symbol]
    stm32f4xx_hal.o(.ARM.exidx.text.HAL_GetUIDw1) refers to stm32f4xx_hal.o(.text.HAL_GetUIDw1) for [Anonymous Symbol]
    stm32f4xx_hal.o(.ARM.exidx.text.HAL_GetUIDw2) refers to stm32f4xx_hal.o(.text.HAL_GetUIDw2) for [Anonymous Symbol]
    stm32f4xx_hal_exti.o(.ARM.exidx.text.HAL_EXTI_SetConfigLine) refers to stm32f4xx_hal_exti.o(.text.HAL_EXTI_SetConfigLine) for [Anonymous Symbol]
    stm32f4xx_hal_exti.o(.ARM.exidx.text.HAL_EXTI_GetConfigLine) refers to stm32f4xx_hal_exti.o(.text.HAL_EXTI_GetConfigLine) for [Anonymous Symbol]
    stm32f4xx_hal_exti.o(.ARM.exidx.text.HAL_EXTI_ClearConfigLine) refers to stm32f4xx_hal_exti.o(.text.HAL_EXTI_ClearConfigLine) for [Anonymous Symbol]
    stm32f4xx_hal_exti.o(.ARM.exidx.text.HAL_EXTI_RegisterCallback) refers to stm32f4xx_hal_exti.o(.text.HAL_EXTI_RegisterCallback) for [Anonymous Symbol]
    stm32f4xx_hal_exti.o(.ARM.exidx.text.HAL_EXTI_GetHandle) refers to stm32f4xx_hal_exti.o(.text.HAL_EXTI_GetHandle) for [Anonymous Symbol]
    stm32f4xx_hal_exti.o(.ARM.exidx.text.HAL_EXTI_IRQHandler) refers to stm32f4xx_hal_exti.o(.text.HAL_EXTI_IRQHandler) for [Anonymous Symbol]
    stm32f4xx_hal_exti.o(.ARM.exidx.text.HAL_EXTI_GetPending) refers to stm32f4xx_hal_exti.o(.text.HAL_EXTI_GetPending) for [Anonymous Symbol]
    stm32f4xx_hal_exti.o(.ARM.exidx.text.HAL_EXTI_ClearPending) refers to stm32f4xx_hal_exti.o(.text.HAL_EXTI_ClearPending) for [Anonymous Symbol]
    stm32f4xx_hal_exti.o(.ARM.exidx.text.HAL_EXTI_GenerateSWI) refers to stm32f4xx_hal_exti.o(.text.HAL_EXTI_GenerateSWI) for [Anonymous Symbol]
    stm32f4xx_hal_tim.o(.text.HAL_TIM_Base_Init) refers to stm32f4xx_hal_tim.o(.text.HAL_TIM_Base_MspInit) for HAL_TIM_Base_MspInit
    stm32f4xx_hal_tim.o(.text.HAL_TIM_Base_Init) refers to stm32f4xx_hal_tim.o(.text.TIM_Base_SetConfig) for TIM_Base_SetConfig
    stm32f4xx_hal_tim.o(.ARM.exidx.text.HAL_TIM_Base_Init) refers to stm32f4xx_hal_tim.o(.text.HAL_TIM_Base_Init) for [Anonymous Symbol]
    stm32f4xx_hal_tim.o(.ARM.exidx.text.HAL_TIM_Base_MspInit) refers to stm32f4xx_hal_tim.o(.text.HAL_TIM_Base_MspInit) for [Anonymous Symbol]
    stm32f4xx_hal_tim.o(.ARM.exidx.text.TIM_Base_SetConfig) refers to stm32f4xx_hal_tim.o(.text.TIM_Base_SetConfig) for [Anonymous Symbol]
    stm32f4xx_hal_tim.o(.text.HAL_TIM_Base_DeInit) refers to stm32f4xx_hal_tim.o(.text.HAL_TIM_Base_MspDeInit) for HAL_TIM_Base_MspDeInit
    stm32f4xx_hal_tim.o(.ARM.exidx.text.HAL_TIM_Base_DeInit) refers to stm32f4xx_hal_tim.o(.text.HAL_TIM_Base_DeInit) for [Anonymous Symbol]
    stm32f4xx_hal_tim.o(.ARM.exidx.text.HAL_TIM_Base_MspDeInit) refers to stm32f4xx_hal_tim.o(.text.HAL_TIM_Base_MspDeInit) for [Anonymous Symbol]
    stm32f4xx_hal_tim.o(.ARM.exidx.text.HAL_TIM_Base_Start) refers to stm32f4xx_hal_tim.o(.text.HAL_TIM_Base_Start) for [Anonymous Symbol]
    stm32f4xx_hal_tim.o(.ARM.exidx.text.HAL_TIM_Base_Stop) refers to stm32f4xx_hal_tim.o(.text.HAL_TIM_Base_Stop) for [Anonymous Symbol]
    stm32f4xx_hal_tim.o(.ARM.exidx.text.HAL_TIM_Base_Start_IT) refers to stm32f4xx_hal_tim.o(.text.HAL_TIM_Base_Start_IT) for [Anonymous Symbol]
    stm32f4xx_hal_tim.o(.ARM.exidx.text.HAL_TIM_Base_Stop_IT) refers to stm32f4xx_hal_tim.o(.text.HAL_TIM_Base_Stop_IT) for [Anonymous Symbol]
    stm32f4xx_hal_tim.o(.text.HAL_TIM_Base_Start_DMA) refers to stm32f4xx_hal_tim.o(.text.TIM_DMAPeriodElapsedCplt) for TIM_DMAPeriodElapsedCplt
    stm32f4xx_hal_tim.o(.text.HAL_TIM_Base_Start_DMA) refers to stm32f4xx_hal_tim.o(.text.TIM_DMAPeriodElapsedHalfCplt) for TIM_DMAPeriodElapsedHalfCplt
    stm32f4xx_hal_tim.o(.text.HAL_TIM_Base_Start_DMA) refers to stm32f4xx_hal_tim.o(.text.TIM_DMAError) for TIM_DMAError
    stm32f4xx_hal_tim.o(.text.HAL_TIM_Base_Start_DMA) refers to stm32f4xx_hal_dma.o(.text.HAL_DMA_Start_IT) for HAL_DMA_Start_IT
    stm32f4xx_hal_tim.o(.ARM.exidx.text.HAL_TIM_Base_Start_DMA) refers to stm32f4xx_hal_tim.o(.text.HAL_TIM_Base_Start_DMA) for [Anonymous Symbol]
    stm32f4xx_hal_tim.o(.text.TIM_DMAPeriodElapsedCplt) refers to callback.o(.text.HAL_TIM_PeriodElapsedCallback) for HAL_TIM_PeriodElapsedCallback
    stm32f4xx_hal_tim.o(.ARM.exidx.text.TIM_DMAPeriodElapsedCplt) refers to stm32f4xx_hal_tim.o(.text.TIM_DMAPeriodElapsedCplt) for [Anonymous Symbol]
    stm32f4xx_hal_tim.o(.text.TIM_DMAPeriodElapsedHalfCplt) refers to stm32f4xx_hal_tim.o(.text.HAL_TIM_PeriodElapsedHalfCpltCallback) for HAL_TIM_PeriodElapsedHalfCpltCallback
    stm32f4xx_hal_tim.o(.ARM.exidx.text.TIM_DMAPeriodElapsedHalfCplt) refers to stm32f4xx_hal_tim.o(.text.TIM_DMAPeriodElapsedHalfCplt) for [Anonymous Symbol]
    stm32f4xx_hal_tim.o(.text.TIM_DMAError) refers to stm32f4xx_hal_tim.o(.text.HAL_TIM_ErrorCallback) for HAL_TIM_ErrorCallback
    stm32f4xx_hal_tim.o(.ARM.exidx.text.TIM_DMAError) refers to stm32f4xx_hal_tim.o(.text.TIM_DMAError) for [Anonymous Symbol]
    stm32f4xx_hal_tim.o(.text.HAL_TIM_Base_Stop_DMA) refers to stm32f4xx_hal_dma.o(.text.HAL_DMA_Abort_IT) for HAL_DMA_Abort_IT
    stm32f4xx_hal_tim.o(.ARM.exidx.text.HAL_TIM_Base_Stop_DMA) refers to stm32f4xx_hal_tim.o(.text.HAL_TIM_Base_Stop_DMA) for [Anonymous Symbol]
    stm32f4xx_hal_tim.o(.text.HAL_TIM_OC_Init) refers to stm32f4xx_hal_msp.o(.text.HAL_TIM_OC_MspInit) for HAL_TIM_OC_MspInit
    stm32f4xx_hal_tim.o(.text.HAL_TIM_OC_Init) refers to stm32f4xx_hal_tim.o(.text.TIM_Base_SetConfig) for TIM_Base_SetConfig
    stm32f4xx_hal_tim.o(.ARM.exidx.text.HAL_TIM_OC_Init) refers to stm32f4xx_hal_tim.o(.text.HAL_TIM_OC_Init) for [Anonymous Symbol]
    stm32f4xx_hal_tim.o(.ARM.exidx.text.HAL_TIM_OC_MspInit) refers to stm32f4xx_hal_tim.o(.text.HAL_TIM_OC_MspInit) for [Anonymous Symbol]
    stm32f4xx_hal_tim.o(.text.HAL_TIM_OC_DeInit) refers to stm32f4xx_hal_msp.o(.text.HAL_TIM_OC_MspDeInit) for HAL_TIM_OC_MspDeInit
    stm32f4xx_hal_tim.o(.ARM.exidx.text.HAL_TIM_OC_DeInit) refers to stm32f4xx_hal_tim.o(.text.HAL_TIM_OC_DeInit) for [Anonymous Symbol]
    stm32f4xx_hal_tim.o(.ARM.exidx.text.HAL_TIM_OC_MspDeInit) refers to stm32f4xx_hal_tim.o(.text.HAL_TIM_OC_MspDeInit) for [Anonymous Symbol]
    stm32f4xx_hal_tim.o(.text.HAL_TIM_OC_Start) refers to stm32f4xx_hal_tim.o(.text.TIM_CCxChannelCmd) for TIM_CCxChannelCmd
    stm32f4xx_hal_tim.o(.ARM.exidx.text.HAL_TIM_OC_Start) refers to stm32f4xx_hal_tim.o(.text.HAL_TIM_OC_Start) for [Anonymous Symbol]
    stm32f4xx_hal_tim.o(.ARM.exidx.text.TIM_CCxChannelCmd) refers to stm32f4xx_hal_tim.o(.text.TIM_CCxChannelCmd) for [Anonymous Symbol]
    stm32f4xx_hal_tim.o(.text.HAL_TIM_OC_Stop) refers to stm32f4xx_hal_tim.o(.text.TIM_CCxChannelCmd) for TIM_CCxChannelCmd
    stm32f4xx_hal_tim.o(.ARM.exidx.text.HAL_TIM_OC_Stop) refers to stm32f4xx_hal_tim.o(.text.HAL_TIM_OC_Stop) for [Anonymous Symbol]
    stm32f4xx_hal_tim.o(.text.HAL_TIM_OC_Start_IT) refers to stm32f4xx_hal_tim.o(.text.TIM_CCxChannelCmd) for TIM_CCxChannelCmd
    stm32f4xx_hal_tim.o(.ARM.exidx.text.HAL_TIM_OC_Start_IT) refers to stm32f4xx_hal_tim.o(.text.HAL_TIM_OC_Start_IT) for [Anonymous Symbol]
    stm32f4xx_hal_tim.o(.text.HAL_TIM_OC_Stop_IT) refers to stm32f4xx_hal_tim.o(.text.TIM_CCxChannelCmd) for TIM_CCxChannelCmd
    stm32f4xx_hal_tim.o(.ARM.exidx.text.HAL_TIM_OC_Stop_IT) refers to stm32f4xx_hal_tim.o(.text.HAL_TIM_OC_Stop_IT) for [Anonymous Symbol]
    stm32f4xx_hal_tim.o(.text.HAL_TIM_OC_Start_DMA) refers to stm32f4xx_hal_tim.o(.text.TIM_DMADelayPulseCplt) for TIM_DMADelayPulseCplt
    stm32f4xx_hal_tim.o(.text.HAL_TIM_OC_Start_DMA) refers to stm32f4xx_hal_tim.o(.text.TIM_DMADelayPulseHalfCplt) for TIM_DMADelayPulseHalfCplt
    stm32f4xx_hal_tim.o(.text.HAL_TIM_OC_Start_DMA) refers to stm32f4xx_hal_tim.o(.text.TIM_DMAError) for TIM_DMAError
    stm32f4xx_hal_tim.o(.text.HAL_TIM_OC_Start_DMA) refers to stm32f4xx_hal_dma.o(.text.HAL_DMA_Start_IT) for HAL_DMA_Start_IT
    stm32f4xx_hal_tim.o(.text.HAL_TIM_OC_Start_DMA) refers to stm32f4xx_hal_tim.o(.text.TIM_CCxChannelCmd) for TIM_CCxChannelCmd
    stm32f4xx_hal_tim.o(.ARM.exidx.text.HAL_TIM_OC_Start_DMA) refers to stm32f4xx_hal_tim.o(.text.HAL_TIM_OC_Start_DMA) for [Anonymous Symbol]
    stm32f4xx_hal_tim.o(.text.TIM_DMADelayPulseCplt) refers to stm32f4xx_hal_tim.o(.text.HAL_TIM_PWM_PulseFinishedCallback) for HAL_TIM_PWM_PulseFinishedCallback
    stm32f4xx_hal_tim.o(.ARM.exidx.text.TIM_DMADelayPulseCplt) refers to stm32f4xx_hal_tim.o(.text.TIM_DMADelayPulseCplt) for [Anonymous Symbol]
    stm32f4xx_hal_tim.o(.text.TIM_DMADelayPulseHalfCplt) refers to stm32f4xx_hal_tim.o(.text.HAL_TIM_PWM_PulseFinishedHalfCpltCallback) for HAL_TIM_PWM_PulseFinishedHalfCpltCallback
    stm32f4xx_hal_tim.o(.ARM.exidx.text.TIM_DMADelayPulseHalfCplt) refers to stm32f4xx_hal_tim.o(.text.TIM_DMADelayPulseHalfCplt) for [Anonymous Symbol]
    stm32f4xx_hal_tim.o(.text.HAL_TIM_OC_Stop_DMA) refers to stm32f4xx_hal_dma.o(.text.HAL_DMA_Abort_IT) for HAL_DMA_Abort_IT
    stm32f4xx_hal_tim.o(.text.HAL_TIM_OC_Stop_DMA) refers to stm32f4xx_hal_tim.o(.text.TIM_CCxChannelCmd) for TIM_CCxChannelCmd
    stm32f4xx_hal_tim.o(.ARM.exidx.text.HAL_TIM_OC_Stop_DMA) refers to stm32f4xx_hal_tim.o(.text.HAL_TIM_OC_Stop_DMA) for [Anonymous Symbol]
    stm32f4xx_hal_tim.o(.text.HAL_TIM_PWM_Init) refers to stm32f4xx_hal_tim.o(.text.HAL_TIM_PWM_MspInit) for HAL_TIM_PWM_MspInit
    stm32f4xx_hal_tim.o(.text.HAL_TIM_PWM_Init) refers to stm32f4xx_hal_tim.o(.text.TIM_Base_SetConfig) for TIM_Base_SetConfig
    stm32f4xx_hal_tim.o(.ARM.exidx.text.HAL_TIM_PWM_Init) refers to stm32f4xx_hal_tim.o(.text.HAL_TIM_PWM_Init) for [Anonymous Symbol]
    stm32f4xx_hal_tim.o(.ARM.exidx.text.HAL_TIM_PWM_MspInit) refers to stm32f4xx_hal_tim.o(.text.HAL_TIM_PWM_MspInit) for [Anonymous Symbol]
    stm32f4xx_hal_tim.o(.text.HAL_TIM_PWM_DeInit) refers to stm32f4xx_hal_tim.o(.text.HAL_TIM_PWM_MspDeInit) for HAL_TIM_PWM_MspDeInit
    stm32f4xx_hal_tim.o(.ARM.exidx.text.HAL_TIM_PWM_DeInit) refers to stm32f4xx_hal_tim.o(.text.HAL_TIM_PWM_DeInit) for [Anonymous Symbol]
    stm32f4xx_hal_tim.o(.ARM.exidx.text.HAL_TIM_PWM_MspDeInit) refers to stm32f4xx_hal_tim.o(.text.HAL_TIM_PWM_MspDeInit) for [Anonymous Symbol]
    stm32f4xx_hal_tim.o(.text.HAL_TIM_PWM_Start) refers to stm32f4xx_hal_tim.o(.text.TIM_CCxChannelCmd) for TIM_CCxChannelCmd
    stm32f4xx_hal_tim.o(.ARM.exidx.text.HAL_TIM_PWM_Start) refers to stm32f4xx_hal_tim.o(.text.HAL_TIM_PWM_Start) for [Anonymous Symbol]
    stm32f4xx_hal_tim.o(.text.HAL_TIM_PWM_Stop) refers to stm32f4xx_hal_tim.o(.text.TIM_CCxChannelCmd) for TIM_CCxChannelCmd
    stm32f4xx_hal_tim.o(.ARM.exidx.text.HAL_TIM_PWM_Stop) refers to stm32f4xx_hal_tim.o(.text.HAL_TIM_PWM_Stop) for [Anonymous Symbol]
    stm32f4xx_hal_tim.o(.text.HAL_TIM_PWM_Start_IT) refers to stm32f4xx_hal_tim.o(.text.TIM_CCxChannelCmd) for TIM_CCxChannelCmd
    stm32f4xx_hal_tim.o(.ARM.exidx.text.HAL_TIM_PWM_Start_IT) refers to stm32f4xx_hal_tim.o(.text.HAL_TIM_PWM_Start_IT) for [Anonymous Symbol]
    stm32f4xx_hal_tim.o(.text.HAL_TIM_PWM_Stop_IT) refers to stm32f4xx_hal_tim.o(.text.TIM_CCxChannelCmd) for TIM_CCxChannelCmd
    stm32f4xx_hal_tim.o(.ARM.exidx.text.HAL_TIM_PWM_Stop_IT) refers to stm32f4xx_hal_tim.o(.text.HAL_TIM_PWM_Stop_IT) for [Anonymous Symbol]
    stm32f4xx_hal_tim.o(.text.HAL_TIM_PWM_Start_DMA) refers to stm32f4xx_hal_tim.o(.text.TIM_DMADelayPulseCplt) for TIM_DMADelayPulseCplt
    stm32f4xx_hal_tim.o(.text.HAL_TIM_PWM_Start_DMA) refers to stm32f4xx_hal_tim.o(.text.TIM_DMADelayPulseHalfCplt) for TIM_DMADelayPulseHalfCplt
    stm32f4xx_hal_tim.o(.text.HAL_TIM_PWM_Start_DMA) refers to stm32f4xx_hal_tim.o(.text.TIM_DMAError) for TIM_DMAError
    stm32f4xx_hal_tim.o(.text.HAL_TIM_PWM_Start_DMA) refers to stm32f4xx_hal_dma.o(.text.HAL_DMA_Start_IT) for HAL_DMA_Start_IT
    stm32f4xx_hal_tim.o(.text.HAL_TIM_PWM_Start_DMA) refers to stm32f4xx_hal_tim.o(.text.TIM_CCxChannelCmd) for TIM_CCxChannelCmd
    stm32f4xx_hal_tim.o(.ARM.exidx.text.HAL_TIM_PWM_Start_DMA) refers to stm32f4xx_hal_tim.o(.text.HAL_TIM_PWM_Start_DMA) for [Anonymous Symbol]
    stm32f4xx_hal_tim.o(.text.HAL_TIM_PWM_Stop_DMA) refers to stm32f4xx_hal_dma.o(.text.HAL_DMA_Abort_IT) for HAL_DMA_Abort_IT
    stm32f4xx_hal_tim.o(.text.HAL_TIM_PWM_Stop_DMA) refers to stm32f4xx_hal_tim.o(.text.TIM_CCxChannelCmd) for TIM_CCxChannelCmd
    stm32f4xx_hal_tim.o(.ARM.exidx.text.HAL_TIM_PWM_Stop_DMA) refers to stm32f4xx_hal_tim.o(.text.HAL_TIM_PWM_Stop_DMA) for [Anonymous Symbol]
    stm32f4xx_hal_tim.o(.text.HAL_TIM_IC_Init) refers to stm32f4xx_hal_tim.o(.text.HAL_TIM_IC_MspInit) for HAL_TIM_IC_MspInit
    stm32f4xx_hal_tim.o(.text.HAL_TIM_IC_Init) refers to stm32f4xx_hal_tim.o(.text.TIM_Base_SetConfig) for TIM_Base_SetConfig
    stm32f4xx_hal_tim.o(.ARM.exidx.text.HAL_TIM_IC_Init) refers to stm32f4xx_hal_tim.o(.text.HAL_TIM_IC_Init) for [Anonymous Symbol]
    stm32f4xx_hal_tim.o(.ARM.exidx.text.HAL_TIM_IC_MspInit) refers to stm32f4xx_hal_tim.o(.text.HAL_TIM_IC_MspInit) for [Anonymous Symbol]
    stm32f4xx_hal_tim.o(.text.HAL_TIM_IC_DeInit) refers to stm32f4xx_hal_tim.o(.text.HAL_TIM_IC_MspDeInit) for HAL_TIM_IC_MspDeInit
    stm32f4xx_hal_tim.o(.ARM.exidx.text.HAL_TIM_IC_DeInit) refers to stm32f4xx_hal_tim.o(.text.HAL_TIM_IC_DeInit) for [Anonymous Symbol]
    stm32f4xx_hal_tim.o(.ARM.exidx.text.HAL_TIM_IC_MspDeInit) refers to stm32f4xx_hal_tim.o(.text.HAL_TIM_IC_MspDeInit) for [Anonymous Symbol]
    stm32f4xx_hal_tim.o(.text.HAL_TIM_IC_Start) refers to stm32f4xx_hal_tim.o(.text.TIM_CCxChannelCmd) for TIM_CCxChannelCmd
    stm32f4xx_hal_tim.o(.ARM.exidx.text.HAL_TIM_IC_Start) refers to stm32f4xx_hal_tim.o(.text.HAL_TIM_IC_Start) for [Anonymous Symbol]
    stm32f4xx_hal_tim.o(.text.HAL_TIM_IC_Stop) refers to stm32f4xx_hal_tim.o(.text.TIM_CCxChannelCmd) for TIM_CCxChannelCmd
    stm32f4xx_hal_tim.o(.ARM.exidx.text.HAL_TIM_IC_Stop) refers to stm32f4xx_hal_tim.o(.text.HAL_TIM_IC_Stop) for [Anonymous Symbol]
    stm32f4xx_hal_tim.o(.text.HAL_TIM_IC_Start_IT) refers to stm32f4xx_hal_tim.o(.text.TIM_CCxChannelCmd) for TIM_CCxChannelCmd
    stm32f4xx_hal_tim.o(.ARM.exidx.text.HAL_TIM_IC_Start_IT) refers to stm32f4xx_hal_tim.o(.text.HAL_TIM_IC_Start_IT) for [Anonymous Symbol]
    stm32f4xx_hal_tim.o(.text.HAL_TIM_IC_Stop_IT) refers to stm32f4xx_hal_tim.o(.text.TIM_CCxChannelCmd) for TIM_CCxChannelCmd
    stm32f4xx_hal_tim.o(.ARM.exidx.text.HAL_TIM_IC_Stop_IT) refers to stm32f4xx_hal_tim.o(.text.HAL_TIM_IC_Stop_IT) for [Anonymous Symbol]
    stm32f4xx_hal_tim.o(.text.HAL_TIM_IC_Start_DMA) refers to stm32f4xx_hal_tim.o(.text.TIM_CCxChannelCmd) for TIM_CCxChannelCmd
    stm32f4xx_hal_tim.o(.text.HAL_TIM_IC_Start_DMA) refers to stm32f4xx_hal_tim.o(.text.TIM_DMACaptureCplt) for TIM_DMACaptureCplt
    stm32f4xx_hal_tim.o(.text.HAL_TIM_IC_Start_DMA) refers to stm32f4xx_hal_tim.o(.text.TIM_DMACaptureHalfCplt) for TIM_DMACaptureHalfCplt
    stm32f4xx_hal_tim.o(.text.HAL_TIM_IC_Start_DMA) refers to stm32f4xx_hal_tim.o(.text.TIM_DMAError) for TIM_DMAError
    stm32f4xx_hal_tim.o(.text.HAL_TIM_IC_Start_DMA) refers to stm32f4xx_hal_dma.o(.text.HAL_DMA_Start_IT) for HAL_DMA_Start_IT
    stm32f4xx_hal_tim.o(.ARM.exidx.text.HAL_TIM_IC_Start_DMA) refers to stm32f4xx_hal_tim.o(.text.HAL_TIM_IC_Start_DMA) for [Anonymous Symbol]
    stm32f4xx_hal_tim.o(.text.TIM_DMACaptureCplt) refers to stm32f4xx_hal_tim.o(.text.HAL_TIM_IC_CaptureCallback) for HAL_TIM_IC_CaptureCallback
    stm32f4xx_hal_tim.o(.ARM.exidx.text.TIM_DMACaptureCplt) refers to stm32f4xx_hal_tim.o(.text.TIM_DMACaptureCplt) for [Anonymous Symbol]
    stm32f4xx_hal_tim.o(.text.TIM_DMACaptureHalfCplt) refers to stm32f4xx_hal_tim.o(.text.HAL_TIM_IC_CaptureHalfCpltCallback) for HAL_TIM_IC_CaptureHalfCpltCallback
    stm32f4xx_hal_tim.o(.ARM.exidx.text.TIM_DMACaptureHalfCplt) refers to stm32f4xx_hal_tim.o(.text.TIM_DMACaptureHalfCplt) for [Anonymous Symbol]
    stm32f4xx_hal_tim.o(.text.HAL_TIM_IC_Stop_DMA) refers to stm32f4xx_hal_tim.o(.text.TIM_CCxChannelCmd) for TIM_CCxChannelCmd
    stm32f4xx_hal_tim.o(.text.HAL_TIM_IC_Stop_DMA) refers to stm32f4xx_hal_dma.o(.text.HAL_DMA_Abort_IT) for HAL_DMA_Abort_IT
    stm32f4xx_hal_tim.o(.ARM.exidx.text.HAL_TIM_IC_Stop_DMA) refers to stm32f4xx_hal_tim.o(.text.HAL_TIM_IC_Stop_DMA) for [Anonymous Symbol]
    stm32f4xx_hal_tim.o(.text.HAL_TIM_OnePulse_Init) refers to stm32f4xx_hal_tim.o(.text.HAL_TIM_OnePulse_MspInit) for HAL_TIM_OnePulse_MspInit
    stm32f4xx_hal_tim.o(.text.HAL_TIM_OnePulse_Init) refers to stm32f4xx_hal_tim.o(.text.TIM_Base_SetConfig) for TIM_Base_SetConfig
    stm32f4xx_hal_tim.o(.ARM.exidx.text.HAL_TIM_OnePulse_Init) refers to stm32f4xx_hal_tim.o(.text.HAL_TIM_OnePulse_Init) for [Anonymous Symbol]
    stm32f4xx_hal_tim.o(.ARM.exidx.text.HAL_TIM_OnePulse_MspInit) refers to stm32f4xx_hal_tim.o(.text.HAL_TIM_OnePulse_MspInit) for [Anonymous Symbol]
    stm32f4xx_hal_tim.o(.text.HAL_TIM_OnePulse_DeInit) refers to stm32f4xx_hal_tim.o(.text.HAL_TIM_OnePulse_MspDeInit) for HAL_TIM_OnePulse_MspDeInit
    stm32f4xx_hal_tim.o(.ARM.exidx.text.HAL_TIM_OnePulse_DeInit) refers to stm32f4xx_hal_tim.o(.text.HAL_TIM_OnePulse_DeInit) for [Anonymous Symbol]
    stm32f4xx_hal_tim.o(.ARM.exidx.text.HAL_TIM_OnePulse_MspDeInit) refers to stm32f4xx_hal_tim.o(.text.HAL_TIM_OnePulse_MspDeInit) for [Anonymous Symbol]
    stm32f4xx_hal_tim.o(.text.HAL_TIM_OnePulse_Start) refers to stm32f4xx_hal_tim.o(.text.TIM_CCxChannelCmd) for TIM_CCxChannelCmd
    stm32f4xx_hal_tim.o(.ARM.exidx.text.HAL_TIM_OnePulse_Start) refers to stm32f4xx_hal_tim.o(.text.HAL_TIM_OnePulse_Start) for [Anonymous Symbol]
    stm32f4xx_hal_tim.o(.text.HAL_TIM_OnePulse_Stop) refers to stm32f4xx_hal_tim.o(.text.TIM_CCxChannelCmd) for TIM_CCxChannelCmd
    stm32f4xx_hal_tim.o(.ARM.exidx.text.HAL_TIM_OnePulse_Stop) refers to stm32f4xx_hal_tim.o(.text.HAL_TIM_OnePulse_Stop) for [Anonymous Symbol]
    stm32f4xx_hal_tim.o(.text.HAL_TIM_OnePulse_Start_IT) refers to stm32f4xx_hal_tim.o(.text.TIM_CCxChannelCmd) for TIM_CCxChannelCmd
    stm32f4xx_hal_tim.o(.ARM.exidx.text.HAL_TIM_OnePulse_Start_IT) refers to stm32f4xx_hal_tim.o(.text.HAL_TIM_OnePulse_Start_IT) for [Anonymous Symbol]
    stm32f4xx_hal_tim.o(.text.HAL_TIM_OnePulse_Stop_IT) refers to stm32f4xx_hal_tim.o(.text.TIM_CCxChannelCmd) for TIM_CCxChannelCmd
    stm32f4xx_hal_tim.o(.ARM.exidx.text.HAL_TIM_OnePulse_Stop_IT) refers to stm32f4xx_hal_tim.o(.text.HAL_TIM_OnePulse_Stop_IT) for [Anonymous Symbol]
    stm32f4xx_hal_tim.o(.text.HAL_TIM_Encoder_Init) refers to stm32f4xx_hal_tim.o(.text.HAL_TIM_Encoder_MspInit) for HAL_TIM_Encoder_MspInit
    stm32f4xx_hal_tim.o(.text.HAL_TIM_Encoder_Init) refers to stm32f4xx_hal_tim.o(.text.TIM_Base_SetConfig) for TIM_Base_SetConfig
    stm32f4xx_hal_tim.o(.ARM.exidx.text.HAL_TIM_Encoder_Init) refers to stm32f4xx_hal_tim.o(.text.HAL_TIM_Encoder_Init) for [Anonymous Symbol]
    stm32f4xx_hal_tim.o(.ARM.exidx.text.HAL_TIM_Encoder_MspInit) refers to stm32f4xx_hal_tim.o(.text.HAL_TIM_Encoder_MspInit) for [Anonymous Symbol]
    stm32f4xx_hal_tim.o(.text.HAL_TIM_Encoder_DeInit) refers to stm32f4xx_hal_tim.o(.text.HAL_TIM_Encoder_MspDeInit) for HAL_TIM_Encoder_MspDeInit
    stm32f4xx_hal_tim.o(.ARM.exidx.text.HAL_TIM_Encoder_DeInit) refers to stm32f4xx_hal_tim.o(.text.HAL_TIM_Encoder_DeInit) for [Anonymous Symbol]
    stm32f4xx_hal_tim.o(.ARM.exidx.text.HAL_TIM_Encoder_MspDeInit) refers to stm32f4xx_hal_tim.o(.text.HAL_TIM_Encoder_MspDeInit) for [Anonymous Symbol]
    stm32f4xx_hal_tim.o(.text.HAL_TIM_Encoder_Start) refers to stm32f4xx_hal_tim.o(.text.TIM_CCxChannelCmd) for TIM_CCxChannelCmd
    stm32f4xx_hal_tim.o(.ARM.exidx.text.HAL_TIM_Encoder_Start) refers to stm32f4xx_hal_tim.o(.text.HAL_TIM_Encoder_Start) for [Anonymous Symbol]
    stm32f4xx_hal_tim.o(.text.HAL_TIM_Encoder_Stop) refers to stm32f4xx_hal_tim.o(.text.TIM_CCxChannelCmd) for TIM_CCxChannelCmd
    stm32f4xx_hal_tim.o(.ARM.exidx.text.HAL_TIM_Encoder_Stop) refers to stm32f4xx_hal_tim.o(.text.HAL_TIM_Encoder_Stop) for [Anonymous Symbol]
    stm32f4xx_hal_tim.o(.text.HAL_TIM_Encoder_Start_IT) refers to stm32f4xx_hal_tim.o(.text.TIM_CCxChannelCmd) for TIM_CCxChannelCmd
    stm32f4xx_hal_tim.o(.ARM.exidx.text.HAL_TIM_Encoder_Start_IT) refers to stm32f4xx_hal_tim.o(.text.HAL_TIM_Encoder_Start_IT) for [Anonymous Symbol]
    stm32f4xx_hal_tim.o(.text.HAL_TIM_Encoder_Stop_IT) refers to stm32f4xx_hal_tim.o(.text.TIM_CCxChannelCmd) for TIM_CCxChannelCmd
    stm32f4xx_hal_tim.o(.ARM.exidx.text.HAL_TIM_Encoder_Stop_IT) refers to stm32f4xx_hal_tim.o(.text.HAL_TIM_Encoder_Stop_IT) for [Anonymous Symbol]
    stm32f4xx_hal_tim.o(.text.HAL_TIM_Encoder_Start_DMA) refers to stm32f4xx_hal_tim.o(.text.TIM_DMACaptureCplt) for TIM_DMACaptureCplt
    stm32f4xx_hal_tim.o(.text.HAL_TIM_Encoder_Start_DMA) refers to stm32f4xx_hal_tim.o(.text.TIM_DMACaptureHalfCplt) for TIM_DMACaptureHalfCplt
    stm32f4xx_hal_tim.o(.text.HAL_TIM_Encoder_Start_DMA) refers to stm32f4xx_hal_tim.o(.text.TIM_DMAError) for TIM_DMAError
    stm32f4xx_hal_tim.o(.text.HAL_TIM_Encoder_Start_DMA) refers to stm32f4xx_hal_dma.o(.text.HAL_DMA_Start_IT) for HAL_DMA_Start_IT
    stm32f4xx_hal_tim.o(.text.HAL_TIM_Encoder_Start_DMA) refers to stm32f4xx_hal_tim.o(.text.TIM_CCxChannelCmd) for TIM_CCxChannelCmd
    stm32f4xx_hal_tim.o(.ARM.exidx.text.HAL_TIM_Encoder_Start_DMA) refers to stm32f4xx_hal_tim.o(.text.HAL_TIM_Encoder_Start_DMA) for [Anonymous Symbol]
    stm32f4xx_hal_tim.o(.text.HAL_TIM_Encoder_Stop_DMA) refers to stm32f4xx_hal_tim.o(.text.TIM_CCxChannelCmd) for TIM_CCxChannelCmd
    stm32f4xx_hal_tim.o(.text.HAL_TIM_Encoder_Stop_DMA) refers to stm32f4xx_hal_dma.o(.text.HAL_DMA_Abort_IT) for HAL_DMA_Abort_IT
    stm32f4xx_hal_tim.o(.ARM.exidx.text.HAL_TIM_Encoder_Stop_DMA) refers to stm32f4xx_hal_tim.o(.text.HAL_TIM_Encoder_Stop_DMA) for [Anonymous Symbol]
    stm32f4xx_hal_tim.o(.text.HAL_TIM_IRQHandler) refers to stm32f4xx_hal_tim.o(.text.HAL_TIM_IC_CaptureCallback) for HAL_TIM_IC_CaptureCallback
    stm32f4xx_hal_tim.o(.text.HAL_TIM_IRQHandler) refers to stm32f4xx_hal_tim.o(.text.HAL_TIM_OC_DelayElapsedCallback) for HAL_TIM_OC_DelayElapsedCallback
    stm32f4xx_hal_tim.o(.text.HAL_TIM_IRQHandler) refers to stm32f4xx_hal_tim.o(.text.HAL_TIM_PWM_PulseFinishedCallback) for HAL_TIM_PWM_PulseFinishedCallback
    stm32f4xx_hal_tim.o(.text.HAL_TIM_IRQHandler) refers to callback.o(.text.HAL_TIM_PeriodElapsedCallback) for HAL_TIM_PeriodElapsedCallback
    stm32f4xx_hal_tim.o(.text.HAL_TIM_IRQHandler) refers to stm32f4xx_hal_tim_ex.o(.text.HAL_TIMEx_BreakCallback) for HAL_TIMEx_BreakCallback
    stm32f4xx_hal_tim.o(.text.HAL_TIM_IRQHandler) refers to stm32f4xx_hal_tim.o(.text.HAL_TIM_TriggerCallback) for HAL_TIM_TriggerCallback
    stm32f4xx_hal_tim.o(.text.HAL_TIM_IRQHandler) refers to stm32f4xx_hal_tim_ex.o(.text.HAL_TIMEx_CommutCallback) for HAL_TIMEx_CommutCallback
    stm32f4xx_hal_tim.o(.ARM.exidx.text.HAL_TIM_IRQHandler) refers to stm32f4xx_hal_tim.o(.text.HAL_TIM_IRQHandler) for [Anonymous Symbol]
    stm32f4xx_hal_tim.o(.ARM.exidx.text.HAL_TIM_IC_CaptureCallback) refers to stm32f4xx_hal_tim.o(.text.HAL_TIM_IC_CaptureCallback) for [Anonymous Symbol]
    stm32f4xx_hal_tim.o(.ARM.exidx.text.HAL_TIM_OC_DelayElapsedCallback) refers to stm32f4xx_hal_tim.o(.text.HAL_TIM_OC_DelayElapsedCallback) for [Anonymous Symbol]
    stm32f4xx_hal_tim.o(.ARM.exidx.text.HAL_TIM_PWM_PulseFinishedCallback) refers to stm32f4xx_hal_tim.o(.text.HAL_TIM_PWM_PulseFinishedCallback) for [Anonymous Symbol]
    stm32f4xx_hal_tim.o(.ARM.exidx.text.HAL_TIM_PeriodElapsedCallback) refers to stm32f4xx_hal_tim.o(.text.HAL_TIM_PeriodElapsedCallback) for [Anonymous Symbol]
    stm32f4xx_hal_tim.o(.ARM.exidx.text.HAL_TIM_TriggerCallback) refers to stm32f4xx_hal_tim.o(.text.HAL_TIM_TriggerCallback) for [Anonymous Symbol]
    stm32f4xx_hal_tim.o(.text.HAL_TIM_OC_ConfigChannel) refers to stm32f4xx_hal_tim.o(.text.TIM_OC1_SetConfig) for TIM_OC1_SetConfig
    stm32f4xx_hal_tim.o(.text.HAL_TIM_OC_ConfigChannel) refers to stm32f4xx_hal_tim.o(.text.TIM_OC2_SetConfig) for TIM_OC2_SetConfig
    stm32f4xx_hal_tim.o(.text.HAL_TIM_OC_ConfigChannel) refers to stm32f4xx_hal_tim.o(.text.TIM_OC3_SetConfig) for TIM_OC3_SetConfig
    stm32f4xx_hal_tim.o(.text.HAL_TIM_OC_ConfigChannel) refers to stm32f4xx_hal_tim.o(.text.TIM_OC4_SetConfig) for TIM_OC4_SetConfig
    stm32f4xx_hal_tim.o(.ARM.exidx.text.HAL_TIM_OC_ConfigChannel) refers to stm32f4xx_hal_tim.o(.text.HAL_TIM_OC_ConfigChannel) for [Anonymous Symbol]
    stm32f4xx_hal_tim.o(.ARM.exidx.text.TIM_OC1_SetConfig) refers to stm32f4xx_hal_tim.o(.text.TIM_OC1_SetConfig) for [Anonymous Symbol]
    stm32f4xx_hal_tim.o(.ARM.exidx.text.TIM_OC2_SetConfig) refers to stm32f4xx_hal_tim.o(.text.TIM_OC2_SetConfig) for [Anonymous Symbol]
    stm32f4xx_hal_tim.o(.ARM.exidx.text.TIM_OC3_SetConfig) refers to stm32f4xx_hal_tim.o(.text.TIM_OC3_SetConfig) for [Anonymous Symbol]
    stm32f4xx_hal_tim.o(.ARM.exidx.text.TIM_OC4_SetConfig) refers to stm32f4xx_hal_tim.o(.text.TIM_OC4_SetConfig) for [Anonymous Symbol]
    stm32f4xx_hal_tim.o(.text.HAL_TIM_IC_ConfigChannel) refers to stm32f4xx_hal_tim.o(.text.TIM_TI1_SetConfig) for TIM_TI1_SetConfig
    stm32f4xx_hal_tim.o(.text.HAL_TIM_IC_ConfigChannel) refers to stm32f4xx_hal_tim.o(.text.TIM_TI2_SetConfig) for TIM_TI2_SetConfig
    stm32f4xx_hal_tim.o(.text.HAL_TIM_IC_ConfigChannel) refers to stm32f4xx_hal_tim.o(.text.TIM_TI3_SetConfig) for TIM_TI3_SetConfig
    stm32f4xx_hal_tim.o(.text.HAL_TIM_IC_ConfigChannel) refers to stm32f4xx_hal_tim.o(.text.TIM_TI4_SetConfig) for TIM_TI4_SetConfig
    stm32f4xx_hal_tim.o(.ARM.exidx.text.HAL_TIM_IC_ConfigChannel) refers to stm32f4xx_hal_tim.o(.text.HAL_TIM_IC_ConfigChannel) for [Anonymous Symbol]
    stm32f4xx_hal_tim.o(.ARM.exidx.text.TIM_TI1_SetConfig) refers to stm32f4xx_hal_tim.o(.text.TIM_TI1_SetConfig) for [Anonymous Symbol]
    stm32f4xx_hal_tim.o(.ARM.exidx.text.TIM_TI2_SetConfig) refers to stm32f4xx_hal_tim.o(.text.TIM_TI2_SetConfig) for [Anonymous Symbol]
    stm32f4xx_hal_tim.o(.ARM.exidx.text.TIM_TI3_SetConfig) refers to stm32f4xx_hal_tim.o(.text.TIM_TI3_SetConfig) for [Anonymous Symbol]
    stm32f4xx_hal_tim.o(.ARM.exidx.text.TIM_TI4_SetConfig) refers to stm32f4xx_hal_tim.o(.text.TIM_TI4_SetConfig) for [Anonymous Symbol]
    stm32f4xx_hal_tim.o(.text.HAL_TIM_PWM_ConfigChannel) refers to stm32f4xx_hal_tim.o(.text.TIM_OC1_SetConfig) for TIM_OC1_SetConfig
    stm32f4xx_hal_tim.o(.text.HAL_TIM_PWM_ConfigChannel) refers to stm32f4xx_hal_tim.o(.text.TIM_OC2_SetConfig) for TIM_OC2_SetConfig
    stm32f4xx_hal_tim.o(.text.HAL_TIM_PWM_ConfigChannel) refers to stm32f4xx_hal_tim.o(.text.TIM_OC3_SetConfig) for TIM_OC3_SetConfig
    stm32f4xx_hal_tim.o(.text.HAL_TIM_PWM_ConfigChannel) refers to stm32f4xx_hal_tim.o(.text.TIM_OC4_SetConfig) for TIM_OC4_SetConfig
    stm32f4xx_hal_tim.o(.ARM.exidx.text.HAL_TIM_PWM_ConfigChannel) refers to stm32f4xx_hal_tim.o(.text.HAL_TIM_PWM_ConfigChannel) for [Anonymous Symbol]
    stm32f4xx_hal_tim.o(.text.HAL_TIM_OnePulse_ConfigChannel) refers to stm32f4xx_hal_tim.o(.text.TIM_OC1_SetConfig) for TIM_OC1_SetConfig
    stm32f4xx_hal_tim.o(.text.HAL_TIM_OnePulse_ConfigChannel) refers to stm32f4xx_hal_tim.o(.text.TIM_OC2_SetConfig) for TIM_OC2_SetConfig
    stm32f4xx_hal_tim.o(.text.HAL_TIM_OnePulse_ConfigChannel) refers to stm32f4xx_hal_tim.o(.text.TIM_TI1_SetConfig) for TIM_TI1_SetConfig
    stm32f4xx_hal_tim.o(.text.HAL_TIM_OnePulse_ConfigChannel) refers to stm32f4xx_hal_tim.o(.text.TIM_TI2_SetConfig) for TIM_TI2_SetConfig
    stm32f4xx_hal_tim.o(.ARM.exidx.text.HAL_TIM_OnePulse_ConfigChannel) refers to stm32f4xx_hal_tim.o(.text.HAL_TIM_OnePulse_ConfigChannel) for [Anonymous Symbol]
    stm32f4xx_hal_tim.o(.text.HAL_TIM_DMABurst_WriteStart) refers to stm32f4xx_hal_tim.o(.text.HAL_TIM_DMABurst_MultiWriteStart) for HAL_TIM_DMABurst_MultiWriteStart
    stm32f4xx_hal_tim.o(.ARM.exidx.text.HAL_TIM_DMABurst_WriteStart) refers to stm32f4xx_hal_tim.o(.text.HAL_TIM_DMABurst_WriteStart) for [Anonymous Symbol]
    stm32f4xx_hal_tim.o(.text.HAL_TIM_DMABurst_MultiWriteStart) refers to stm32f4xx_hal_tim.o(.text.TIM_DMAPeriodElapsedCplt) for TIM_DMAPeriodElapsedCplt
    stm32f4xx_hal_tim.o(.text.HAL_TIM_DMABurst_MultiWriteStart) refers to stm32f4xx_hal_tim.o(.text.TIM_DMAPeriodElapsedHalfCplt) for TIM_DMAPeriodElapsedHalfCplt
    stm32f4xx_hal_tim.o(.text.HAL_TIM_DMABurst_MultiWriteStart) refers to stm32f4xx_hal_tim.o(.text.TIM_DMAError) for TIM_DMAError
    stm32f4xx_hal_tim.o(.text.HAL_TIM_DMABurst_MultiWriteStart) refers to stm32f4xx_hal_dma.o(.text.HAL_DMA_Start_IT) for HAL_DMA_Start_IT
    stm32f4xx_hal_tim.o(.text.HAL_TIM_DMABurst_MultiWriteStart) refers to stm32f4xx_hal_tim.o(.text.TIM_DMADelayPulseCplt) for TIM_DMADelayPulseCplt
    stm32f4xx_hal_tim.o(.text.HAL_TIM_DMABurst_MultiWriteStart) refers to stm32f4xx_hal_tim.o(.text.TIM_DMADelayPulseHalfCplt) for TIM_DMADelayPulseHalfCplt
    stm32f4xx_hal_tim.o(.text.HAL_TIM_DMABurst_MultiWriteStart) refers to stm32f4xx_hal_tim_ex.o(.text.TIMEx_DMACommutationCplt) for TIMEx_DMACommutationCplt
    stm32f4xx_hal_tim.o(.text.HAL_TIM_DMABurst_MultiWriteStart) refers to stm32f4xx_hal_tim_ex.o(.text.TIMEx_DMACommutationHalfCplt) for TIMEx_DMACommutationHalfCplt
    stm32f4xx_hal_tim.o(.text.HAL_TIM_DMABurst_MultiWriteStart) refers to stm32f4xx_hal_tim.o(.text.TIM_DMATriggerCplt) for TIM_DMATriggerCplt
    stm32f4xx_hal_tim.o(.text.HAL_TIM_DMABurst_MultiWriteStart) refers to stm32f4xx_hal_tim.o(.text.TIM_DMATriggerHalfCplt) for TIM_DMATriggerHalfCplt
    stm32f4xx_hal_tim.o(.ARM.exidx.text.HAL_TIM_DMABurst_MultiWriteStart) refers to stm32f4xx_hal_tim.o(.text.HAL_TIM_DMABurst_MultiWriteStart) for [Anonymous Symbol]
    stm32f4xx_hal_tim.o(.text.TIM_DMATriggerCplt) refers to stm32f4xx_hal_tim.o(.text.HAL_TIM_TriggerCallback) for HAL_TIM_TriggerCallback
    stm32f4xx_hal_tim.o(.ARM.exidx.text.TIM_DMATriggerCplt) refers to stm32f4xx_hal_tim.o(.text.TIM_DMATriggerCplt) for [Anonymous Symbol]
    stm32f4xx_hal_tim.o(.text.TIM_DMATriggerHalfCplt) refers to stm32f4xx_hal_tim.o(.text.HAL_TIM_TriggerHalfCpltCallback) for HAL_TIM_TriggerHalfCpltCallback
    stm32f4xx_hal_tim.o(.ARM.exidx.text.TIM_DMATriggerHalfCplt) refers to stm32f4xx_hal_tim.o(.text.TIM_DMATriggerHalfCplt) for [Anonymous Symbol]
    stm32f4xx_hal_tim.o(.text.HAL_TIM_DMABurst_WriteStop) refers to stm32f4xx_hal_dma.o(.text.HAL_DMA_Abort_IT) for HAL_DMA_Abort_IT
    stm32f4xx_hal_tim.o(.ARM.exidx.text.HAL_TIM_DMABurst_WriteStop) refers to stm32f4xx_hal_tim.o(.text.HAL_TIM_DMABurst_WriteStop) for [Anonymous Symbol]
    stm32f4xx_hal_tim.o(.text.HAL_TIM_DMABurst_ReadStart) refers to stm32f4xx_hal_tim.o(.text.HAL_TIM_DMABurst_MultiReadStart) for HAL_TIM_DMABurst_MultiReadStart
    stm32f4xx_hal_tim.o(.ARM.exidx.text.HAL_TIM_DMABurst_ReadStart) refers to stm32f4xx_hal_tim.o(.text.HAL_TIM_DMABurst_ReadStart) for [Anonymous Symbol]
    stm32f4xx_hal_tim.o(.text.HAL_TIM_DMABurst_MultiReadStart) refers to stm32f4xx_hal_tim.o(.text.TIM_DMAPeriodElapsedCplt) for TIM_DMAPeriodElapsedCplt
    stm32f4xx_hal_tim.o(.text.HAL_TIM_DMABurst_MultiReadStart) refers to stm32f4xx_hal_tim.o(.text.TIM_DMAPeriodElapsedHalfCplt) for TIM_DMAPeriodElapsedHalfCplt
    stm32f4xx_hal_tim.o(.text.HAL_TIM_DMABurst_MultiReadStart) refers to stm32f4xx_hal_tim.o(.text.TIM_DMAError) for TIM_DMAError
    stm32f4xx_hal_tim.o(.text.HAL_TIM_DMABurst_MultiReadStart) refers to stm32f4xx_hal_dma.o(.text.HAL_DMA_Start_IT) for HAL_DMA_Start_IT
    stm32f4xx_hal_tim.o(.text.HAL_TIM_DMABurst_MultiReadStart) refers to stm32f4xx_hal_tim.o(.text.TIM_DMACaptureCplt) for TIM_DMACaptureCplt
    stm32f4xx_hal_tim.o(.text.HAL_TIM_DMABurst_MultiReadStart) refers to stm32f4xx_hal_tim.o(.text.TIM_DMACaptureHalfCplt) for TIM_DMACaptureHalfCplt
    stm32f4xx_hal_tim.o(.text.HAL_TIM_DMABurst_MultiReadStart) refers to stm32f4xx_hal_tim_ex.o(.text.TIMEx_DMACommutationCplt) for TIMEx_DMACommutationCplt
    stm32f4xx_hal_tim.o(.text.HAL_TIM_DMABurst_MultiReadStart) refers to stm32f4xx_hal_tim_ex.o(.text.TIMEx_DMACommutationHalfCplt) for TIMEx_DMACommutationHalfCplt
    stm32f4xx_hal_tim.o(.text.HAL_TIM_DMABurst_MultiReadStart) refers to stm32f4xx_hal_tim.o(.text.TIM_DMATriggerCplt) for TIM_DMATriggerCplt
    stm32f4xx_hal_tim.o(.text.HAL_TIM_DMABurst_MultiReadStart) refers to stm32f4xx_hal_tim.o(.text.TIM_DMATriggerHalfCplt) for TIM_DMATriggerHalfCplt
    stm32f4xx_hal_tim.o(.ARM.exidx.text.HAL_TIM_DMABurst_MultiReadStart) refers to stm32f4xx_hal_tim.o(.text.HAL_TIM_DMABurst_MultiReadStart) for [Anonymous Symbol]
    stm32f4xx_hal_tim.o(.text.HAL_TIM_DMABurst_ReadStop) refers to stm32f4xx_hal_dma.o(.text.HAL_DMA_Abort_IT) for HAL_DMA_Abort_IT
    stm32f4xx_hal_tim.o(.ARM.exidx.text.HAL_TIM_DMABurst_ReadStop) refers to stm32f4xx_hal_tim.o(.text.HAL_TIM_DMABurst_ReadStop) for [Anonymous Symbol]
    stm32f4xx_hal_tim.o(.ARM.exidx.text.HAL_TIM_GenerateEvent) refers to stm32f4xx_hal_tim.o(.text.HAL_TIM_GenerateEvent) for [Anonymous Symbol]
    stm32f4xx_hal_tim.o(.text.HAL_TIM_ConfigOCrefClear) refers to stm32f4xx_hal_tim.o(.text.TIM_ETR_SetConfig) for TIM_ETR_SetConfig
    stm32f4xx_hal_tim.o(.ARM.exidx.text.HAL_TIM_ConfigOCrefClear) refers to stm32f4xx_hal_tim.o(.text.HAL_TIM_ConfigOCrefClear) for [Anonymous Symbol]
    stm32f4xx_hal_tim.o(.ARM.exidx.text.TIM_ETR_SetConfig) refers to stm32f4xx_hal_tim.o(.text.TIM_ETR_SetConfig) for [Anonymous Symbol]
    stm32f4xx_hal_tim.o(.text.HAL_TIM_ConfigClockSource) refers to stm32f4xx_hal_tim.o(.text.TIM_ETR_SetConfig) for TIM_ETR_SetConfig
    stm32f4xx_hal_tim.o(.text.HAL_TIM_ConfigClockSource) refers to stm32f4xx_hal_tim.o(.text.TIM_TI1_ConfigInputStage) for TIM_TI1_ConfigInputStage
    stm32f4xx_hal_tim.o(.text.HAL_TIM_ConfigClockSource) refers to stm32f4xx_hal_tim.o(.text.TIM_ITRx_SetConfig) for TIM_ITRx_SetConfig
    stm32f4xx_hal_tim.o(.text.HAL_TIM_ConfigClockSource) refers to stm32f4xx_hal_tim.o(.text.TIM_TI2_ConfigInputStage) for TIM_TI2_ConfigInputStage
    stm32f4xx_hal_tim.o(.ARM.exidx.text.HAL_TIM_ConfigClockSource) refers to stm32f4xx_hal_tim.o(.text.HAL_TIM_ConfigClockSource) for [Anonymous Symbol]
    stm32f4xx_hal_tim.o(.ARM.exidx.text.TIM_TI1_ConfigInputStage) refers to stm32f4xx_hal_tim.o(.text.TIM_TI1_ConfigInputStage) for [Anonymous Symbol]
    stm32f4xx_hal_tim.o(.ARM.exidx.text.TIM_ITRx_SetConfig) refers to stm32f4xx_hal_tim.o(.text.TIM_ITRx_SetConfig) for [Anonymous Symbol]
    stm32f4xx_hal_tim.o(.ARM.exidx.text.TIM_TI2_ConfigInputStage) refers to stm32f4xx_hal_tim.o(.text.TIM_TI2_ConfigInputStage) for [Anonymous Symbol]
    stm32f4xx_hal_tim.o(.ARM.exidx.text.HAL_TIM_ConfigTI1Input) refers to stm32f4xx_hal_tim.o(.text.HAL_TIM_ConfigTI1Input) for [Anonymous Symbol]
    stm32f4xx_hal_tim.o(.text.HAL_TIM_SlaveConfigSynchro) refers to stm32f4xx_hal_tim.o(.text.TIM_SlaveTimer_SetConfig) for TIM_SlaveTimer_SetConfig
    stm32f4xx_hal_tim.o(.ARM.exidx.text.HAL_TIM_SlaveConfigSynchro) refers to stm32f4xx_hal_tim.o(.text.HAL_TIM_SlaveConfigSynchro) for [Anonymous Symbol]
    stm32f4xx_hal_tim.o(.text.TIM_SlaveTimer_SetConfig) refers to stm32f4xx_hal_tim.o(.text.TIM_ETR_SetConfig) for TIM_ETR_SetConfig
    stm32f4xx_hal_tim.o(.text.TIM_SlaveTimer_SetConfig) refers to stm32f4xx_hal_tim.o(.text.TIM_TI1_ConfigInputStage) for TIM_TI1_ConfigInputStage
    stm32f4xx_hal_tim.o(.text.TIM_SlaveTimer_SetConfig) refers to stm32f4xx_hal_tim.o(.text.TIM_TI2_ConfigInputStage) for TIM_TI2_ConfigInputStage
    stm32f4xx_hal_tim.o(.ARM.exidx.text.TIM_SlaveTimer_SetConfig) refers to stm32f4xx_hal_tim.o(.text.TIM_SlaveTimer_SetConfig) for [Anonymous Symbol]
    stm32f4xx_hal_tim.o(.text.HAL_TIM_SlaveConfigSynchro_IT) refers to stm32f4xx_hal_tim.o(.text.TIM_SlaveTimer_SetConfig) for TIM_SlaveTimer_SetConfig
    stm32f4xx_hal_tim.o(.ARM.exidx.text.HAL_TIM_SlaveConfigSynchro_IT) refers to stm32f4xx_hal_tim.o(.text.HAL_TIM_SlaveConfigSynchro_IT) for [Anonymous Symbol]
    stm32f4xx_hal_tim.o(.ARM.exidx.text.HAL_TIM_ReadCapturedValue) refers to stm32f4xx_hal_tim.o(.text.HAL_TIM_ReadCapturedValue) for [Anonymous Symbol]
    stm32f4xx_hal_tim.o(.ARM.exidx.text.HAL_TIM_PeriodElapsedHalfCpltCallback) refers to stm32f4xx_hal_tim.o(.text.HAL_TIM_PeriodElapsedHalfCpltCallback) for [Anonymous Symbol]
    stm32f4xx_hal_tim.o(.ARM.exidx.text.HAL_TIM_IC_CaptureHalfCpltCallback) refers to stm32f4xx_hal_tim.o(.text.HAL_TIM_IC_CaptureHalfCpltCallback) for [Anonymous Symbol]
    stm32f4xx_hal_tim.o(.ARM.exidx.text.HAL_TIM_PWM_PulseFinishedHalfCpltCallback) refers to stm32f4xx_hal_tim.o(.text.HAL_TIM_PWM_PulseFinishedHalfCpltCallback) for [Anonymous Symbol]
    stm32f4xx_hal_tim.o(.ARM.exidx.text.HAL_TIM_TriggerHalfCpltCallback) refers to stm32f4xx_hal_tim.o(.text.HAL_TIM_TriggerHalfCpltCallback) for [Anonymous Symbol]
    stm32f4xx_hal_tim.o(.ARM.exidx.text.HAL_TIM_ErrorCallback) refers to stm32f4xx_hal_tim.o(.text.HAL_TIM_ErrorCallback) for [Anonymous Symbol]
    stm32f4xx_hal_tim.o(.ARM.exidx.text.HAL_TIM_Base_GetState) refers to stm32f4xx_hal_tim.o(.text.HAL_TIM_Base_GetState) for [Anonymous Symbol]
    stm32f4xx_hal_tim.o(.ARM.exidx.text.HAL_TIM_OC_GetState) refers to stm32f4xx_hal_tim.o(.text.HAL_TIM_OC_GetState) for [Anonymous Symbol]
    stm32f4xx_hal_tim.o(.ARM.exidx.text.HAL_TIM_PWM_GetState) refers to stm32f4xx_hal_tim.o(.text.HAL_TIM_PWM_GetState) for [Anonymous Symbol]
    stm32f4xx_hal_tim.o(.ARM.exidx.text.HAL_TIM_IC_GetState) refers to stm32f4xx_hal_tim.o(.text.HAL_TIM_IC_GetState) for [Anonymous Symbol]
    stm32f4xx_hal_tim.o(.ARM.exidx.text.HAL_TIM_OnePulse_GetState) refers to stm32f4xx_hal_tim.o(.text.HAL_TIM_OnePulse_GetState) for [Anonymous Symbol]
    stm32f4xx_hal_tim.o(.ARM.exidx.text.HAL_TIM_Encoder_GetState) refers to stm32f4xx_hal_tim.o(.text.HAL_TIM_Encoder_GetState) for [Anonymous Symbol]
    stm32f4xx_hal_tim.o(.ARM.exidx.text.HAL_TIM_GetActiveChannel) refers to stm32f4xx_hal_tim.o(.text.HAL_TIM_GetActiveChannel) for [Anonymous Symbol]
    stm32f4xx_hal_tim.o(.ARM.exidx.text.HAL_TIM_GetChannelState) refers to stm32f4xx_hal_tim.o(.text.HAL_TIM_GetChannelState) for [Anonymous Symbol]
    stm32f4xx_hal_tim.o(.ARM.exidx.text.HAL_TIM_DMABurstState) refers to stm32f4xx_hal_tim.o(.text.HAL_TIM_DMABurstState) for [Anonymous Symbol]
    stm32f4xx_hal_tim_ex.o(.text.HAL_TIMEx_HallSensor_Init) refers to stm32f4xx_hal_tim_ex.o(.text.HAL_TIMEx_HallSensor_MspInit) for HAL_TIMEx_HallSensor_MspInit
    stm32f4xx_hal_tim_ex.o(.text.HAL_TIMEx_HallSensor_Init) refers to stm32f4xx_hal_tim.o(.text.TIM_Base_SetConfig) for TIM_Base_SetConfig
    stm32f4xx_hal_tim_ex.o(.text.HAL_TIMEx_HallSensor_Init) refers to stm32f4xx_hal_tim.o(.text.TIM_TI1_SetConfig) for TIM_TI1_SetConfig
    stm32f4xx_hal_tim_ex.o(.text.HAL_TIMEx_HallSensor_Init) refers to stm32f4xx_hal_tim.o(.text.TIM_OC2_SetConfig) for TIM_OC2_SetConfig
    stm32f4xx_hal_tim_ex.o(.ARM.exidx.text.HAL_TIMEx_HallSensor_Init) refers to stm32f4xx_hal_tim_ex.o(.text.HAL_TIMEx_HallSensor_Init) for [Anonymous Symbol]
    stm32f4xx_hal_tim_ex.o(.ARM.exidx.text.HAL_TIMEx_HallSensor_MspInit) refers to stm32f4xx_hal_tim_ex.o(.text.HAL_TIMEx_HallSensor_MspInit) for [Anonymous Symbol]
    stm32f4xx_hal_tim_ex.o(.text.HAL_TIMEx_HallSensor_DeInit) refers to stm32f4xx_hal_tim_ex.o(.text.HAL_TIMEx_HallSensor_MspDeInit) for HAL_TIMEx_HallSensor_MspDeInit
    stm32f4xx_hal_tim_ex.o(.ARM.exidx.text.HAL_TIMEx_HallSensor_DeInit) refers to stm32f4xx_hal_tim_ex.o(.text.HAL_TIMEx_HallSensor_DeInit) for [Anonymous Symbol]
    stm32f4xx_hal_tim_ex.o(.ARM.exidx.text.HAL_TIMEx_HallSensor_MspDeInit) refers to stm32f4xx_hal_tim_ex.o(.text.HAL_TIMEx_HallSensor_MspDeInit) for [Anonymous Symbol]
    stm32f4xx_hal_tim_ex.o(.text.HAL_TIMEx_HallSensor_Start) refers to stm32f4xx_hal_tim.o(.text.TIM_CCxChannelCmd) for TIM_CCxChannelCmd
    stm32f4xx_hal_tim_ex.o(.ARM.exidx.text.HAL_TIMEx_HallSensor_Start) refers to stm32f4xx_hal_tim_ex.o(.text.HAL_TIMEx_HallSensor_Start) for [Anonymous Symbol]
    stm32f4xx_hal_tim_ex.o(.text.HAL_TIMEx_HallSensor_Stop) refers to stm32f4xx_hal_tim.o(.text.TIM_CCxChannelCmd) for TIM_CCxChannelCmd
    stm32f4xx_hal_tim_ex.o(.ARM.exidx.text.HAL_TIMEx_HallSensor_Stop) refers to stm32f4xx_hal_tim_ex.o(.text.HAL_TIMEx_HallSensor_Stop) for [Anonymous Symbol]
    stm32f4xx_hal_tim_ex.o(.text.HAL_TIMEx_HallSensor_Start_IT) refers to stm32f4xx_hal_tim.o(.text.TIM_CCxChannelCmd) for TIM_CCxChannelCmd
    stm32f4xx_hal_tim_ex.o(.ARM.exidx.text.HAL_TIMEx_HallSensor_Start_IT) refers to stm32f4xx_hal_tim_ex.o(.text.HAL_TIMEx_HallSensor_Start_IT) for [Anonymous Symbol]
    stm32f4xx_hal_tim_ex.o(.text.HAL_TIMEx_HallSensor_Stop_IT) refers to stm32f4xx_hal_tim.o(.text.TIM_CCxChannelCmd) for TIM_CCxChannelCmd
    stm32f4xx_hal_tim_ex.o(.ARM.exidx.text.HAL_TIMEx_HallSensor_Stop_IT) refers to stm32f4xx_hal_tim_ex.o(.text.HAL_TIMEx_HallSensor_Stop_IT) for [Anonymous Symbol]
    stm32f4xx_hal_tim_ex.o(.text.HAL_TIMEx_HallSensor_Start_DMA) refers to stm32f4xx_hal_tim.o(.text.TIM_CCxChannelCmd) for TIM_CCxChannelCmd
    stm32f4xx_hal_tim_ex.o(.text.HAL_TIMEx_HallSensor_Start_DMA) refers to stm32f4xx_hal_tim.o(.text.TIM_DMACaptureCplt) for TIM_DMACaptureCplt
    stm32f4xx_hal_tim_ex.o(.text.HAL_TIMEx_HallSensor_Start_DMA) refers to stm32f4xx_hal_tim.o(.text.TIM_DMACaptureHalfCplt) for TIM_DMACaptureHalfCplt
    stm32f4xx_hal_tim_ex.o(.text.HAL_TIMEx_HallSensor_Start_DMA) refers to stm32f4xx_hal_tim.o(.text.TIM_DMAError) for TIM_DMAError
    stm32f4xx_hal_tim_ex.o(.text.HAL_TIMEx_HallSensor_Start_DMA) refers to stm32f4xx_hal_dma.o(.text.HAL_DMA_Start_IT) for HAL_DMA_Start_IT
    stm32f4xx_hal_tim_ex.o(.ARM.exidx.text.HAL_TIMEx_HallSensor_Start_DMA) refers to stm32f4xx_hal_tim_ex.o(.text.HAL_TIMEx_HallSensor_Start_DMA) for [Anonymous Symbol]
    stm32f4xx_hal_tim_ex.o(.text.HAL_TIMEx_HallSensor_Stop_DMA) refers to stm32f4xx_hal_tim.o(.text.TIM_CCxChannelCmd) for TIM_CCxChannelCmd
    stm32f4xx_hal_tim_ex.o(.text.HAL_TIMEx_HallSensor_Stop_DMA) refers to stm32f4xx_hal_dma.o(.text.HAL_DMA_Abort_IT) for HAL_DMA_Abort_IT
    stm32f4xx_hal_tim_ex.o(.ARM.exidx.text.HAL_TIMEx_HallSensor_Stop_DMA) refers to stm32f4xx_hal_tim_ex.o(.text.HAL_TIMEx_HallSensor_Stop_DMA) for [Anonymous Symbol]
    stm32f4xx_hal_tim_ex.o(.text.HAL_TIMEx_OCN_Start) refers to stm32f4xx_hal_tim_ex.o(.text.TIM_CCxNChannelCmd) for TIM_CCxNChannelCmd
    stm32f4xx_hal_tim_ex.o(.ARM.exidx.text.HAL_TIMEx_OCN_Start) refers to stm32f4xx_hal_tim_ex.o(.text.HAL_TIMEx_OCN_Start) for [Anonymous Symbol]
    stm32f4xx_hal_tim_ex.o(.ARM.exidx.text.TIM_CCxNChannelCmd) refers to stm32f4xx_hal_tim_ex.o(.text.TIM_CCxNChannelCmd) for [Anonymous Symbol]
    stm32f4xx_hal_tim_ex.o(.text.HAL_TIMEx_OCN_Stop) refers to stm32f4xx_hal_tim_ex.o(.text.TIM_CCxNChannelCmd) for TIM_CCxNChannelCmd
    stm32f4xx_hal_tim_ex.o(.ARM.exidx.text.HAL_TIMEx_OCN_Stop) refers to stm32f4xx_hal_tim_ex.o(.text.HAL_TIMEx_OCN_Stop) for [Anonymous Symbol]
    stm32f4xx_hal_tim_ex.o(.text.HAL_TIMEx_OCN_Start_IT) refers to stm32f4xx_hal_tim_ex.o(.text.TIM_CCxNChannelCmd) for TIM_CCxNChannelCmd
    stm32f4xx_hal_tim_ex.o(.ARM.exidx.text.HAL_TIMEx_OCN_Start_IT) refers to stm32f4xx_hal_tim_ex.o(.text.HAL_TIMEx_OCN_Start_IT) for [Anonymous Symbol]
    stm32f4xx_hal_tim_ex.o(.text.HAL_TIMEx_OCN_Stop_IT) refers to stm32f4xx_hal_tim_ex.o(.text.TIM_CCxNChannelCmd) for TIM_CCxNChannelCmd
    stm32f4xx_hal_tim_ex.o(.ARM.exidx.text.HAL_TIMEx_OCN_Stop_IT) refers to stm32f4xx_hal_tim_ex.o(.text.HAL_TIMEx_OCN_Stop_IT) for [Anonymous Symbol]
    stm32f4xx_hal_tim_ex.o(.text.HAL_TIMEx_OCN_Start_DMA) refers to stm32f4xx_hal_tim_ex.o(.text.TIM_DMADelayPulseNCplt) for TIM_DMADelayPulseNCplt
    stm32f4xx_hal_tim_ex.o(.text.HAL_TIMEx_OCN_Start_DMA) refers to stm32f4xx_hal_tim.o(.text.TIM_DMADelayPulseHalfCplt) for TIM_DMADelayPulseHalfCplt
    stm32f4xx_hal_tim_ex.o(.text.HAL_TIMEx_OCN_Start_DMA) refers to stm32f4xx_hal_tim_ex.o(.text.TIM_DMAErrorCCxN) for TIM_DMAErrorCCxN
    stm32f4xx_hal_tim_ex.o(.text.HAL_TIMEx_OCN_Start_DMA) refers to stm32f4xx_hal_dma.o(.text.HAL_DMA_Start_IT) for HAL_DMA_Start_IT
    stm32f4xx_hal_tim_ex.o(.text.HAL_TIMEx_OCN_Start_DMA) refers to stm32f4xx_hal_tim_ex.o(.text.TIM_CCxNChannelCmd) for TIM_CCxNChannelCmd
    stm32f4xx_hal_tim_ex.o(.ARM.exidx.text.HAL_TIMEx_OCN_Start_DMA) refers to stm32f4xx_hal_tim_ex.o(.text.HAL_TIMEx_OCN_Start_DMA) for [Anonymous Symbol]
    stm32f4xx_hal_tim_ex.o(.text.TIM_DMADelayPulseNCplt) refers to stm32f4xx_hal_tim.o(.text.HAL_TIM_PWM_PulseFinishedCallback) for HAL_TIM_PWM_PulseFinishedCallback
    stm32f4xx_hal_tim_ex.o(.ARM.exidx.text.TIM_DMADelayPulseNCplt) refers to stm32f4xx_hal_tim_ex.o(.text.TIM_DMADelayPulseNCplt) for [Anonymous Symbol]
    stm32f4xx_hal_tim_ex.o(.text.TIM_DMAErrorCCxN) refers to stm32f4xx_hal_tim.o(.text.HAL_TIM_ErrorCallback) for HAL_TIM_ErrorCallback
    stm32f4xx_hal_tim_ex.o(.ARM.exidx.text.TIM_DMAErrorCCxN) refers to stm32f4xx_hal_tim_ex.o(.text.TIM_DMAErrorCCxN) for [Anonymous Symbol]
    stm32f4xx_hal_tim_ex.o(.text.HAL_TIMEx_OCN_Stop_DMA) refers to stm32f4xx_hal_dma.o(.text.HAL_DMA_Abort_IT) for HAL_DMA_Abort_IT
    stm32f4xx_hal_tim_ex.o(.text.HAL_TIMEx_OCN_Stop_DMA) refers to stm32f4xx_hal_tim_ex.o(.text.TIM_CCxNChannelCmd) for TIM_CCxNChannelCmd
    stm32f4xx_hal_tim_ex.o(.ARM.exidx.text.HAL_TIMEx_OCN_Stop_DMA) refers to stm32f4xx_hal_tim_ex.o(.text.HAL_TIMEx_OCN_Stop_DMA) for [Anonymous Symbol]
    stm32f4xx_hal_tim_ex.o(.text.HAL_TIMEx_PWMN_Start) refers to stm32f4xx_hal_tim_ex.o(.text.TIM_CCxNChannelCmd) for TIM_CCxNChannelCmd
    stm32f4xx_hal_tim_ex.o(.ARM.exidx.text.HAL_TIMEx_PWMN_Start) refers to stm32f4xx_hal_tim_ex.o(.text.HAL_TIMEx_PWMN_Start) for [Anonymous Symbol]
    stm32f4xx_hal_tim_ex.o(.text.HAL_TIMEx_PWMN_Stop) refers to stm32f4xx_hal_tim_ex.o(.text.TIM_CCxNChannelCmd) for TIM_CCxNChannelCmd
    stm32f4xx_hal_tim_ex.o(.ARM.exidx.text.HAL_TIMEx_PWMN_Stop) refers to stm32f4xx_hal_tim_ex.o(.text.HAL_TIMEx_PWMN_Stop) for [Anonymous Symbol]
    stm32f4xx_hal_tim_ex.o(.text.HAL_TIMEx_PWMN_Start_IT) refers to stm32f4xx_hal_tim_ex.o(.text.TIM_CCxNChannelCmd) for TIM_CCxNChannelCmd
    stm32f4xx_hal_tim_ex.o(.ARM.exidx.text.HAL_TIMEx_PWMN_Start_IT) refers to stm32f4xx_hal_tim_ex.o(.text.HAL_TIMEx_PWMN_Start_IT) for [Anonymous Symbol]
    stm32f4xx_hal_tim_ex.o(.text.HAL_TIMEx_PWMN_Stop_IT) refers to stm32f4xx_hal_tim_ex.o(.text.TIM_CCxNChannelCmd) for TIM_CCxNChannelCmd
    stm32f4xx_hal_tim_ex.o(.ARM.exidx.text.HAL_TIMEx_PWMN_Stop_IT) refers to stm32f4xx_hal_tim_ex.o(.text.HAL_TIMEx_PWMN_Stop_IT) for [Anonymous Symbol]
    stm32f4xx_hal_tim_ex.o(.text.HAL_TIMEx_PWMN_Start_DMA) refers to stm32f4xx_hal_tim_ex.o(.text.TIM_DMADelayPulseNCplt) for TIM_DMADelayPulseNCplt
    stm32f4xx_hal_tim_ex.o(.text.HAL_TIMEx_PWMN_Start_DMA) refers to stm32f4xx_hal_tim.o(.text.TIM_DMADelayPulseHalfCplt) for TIM_DMADelayPulseHalfCplt
    stm32f4xx_hal_tim_ex.o(.text.HAL_TIMEx_PWMN_Start_DMA) refers to stm32f4xx_hal_tim_ex.o(.text.TIM_DMAErrorCCxN) for TIM_DMAErrorCCxN
    stm32f4xx_hal_tim_ex.o(.text.HAL_TIMEx_PWMN_Start_DMA) refers to stm32f4xx_hal_dma.o(.text.HAL_DMA_Start_IT) for HAL_DMA_Start_IT
    stm32f4xx_hal_tim_ex.o(.text.HAL_TIMEx_PWMN_Start_DMA) refers to stm32f4xx_hal_tim_ex.o(.text.TIM_CCxNChannelCmd) for TIM_CCxNChannelCmd
    stm32f4xx_hal_tim_ex.o(.ARM.exidx.text.HAL_TIMEx_PWMN_Start_DMA) refers to stm32f4xx_hal_tim_ex.o(.text.HAL_TIMEx_PWMN_Start_DMA) for [Anonymous Symbol]
    stm32f4xx_hal_tim_ex.o(.text.HAL_TIMEx_PWMN_Stop_DMA) refers to stm32f4xx_hal_dma.o(.text.HAL_DMA_Abort_IT) for HAL_DMA_Abort_IT
    stm32f4xx_hal_tim_ex.o(.text.HAL_TIMEx_PWMN_Stop_DMA) refers to stm32f4xx_hal_tim_ex.o(.text.TIM_CCxNChannelCmd) for TIM_CCxNChannelCmd
    stm32f4xx_hal_tim_ex.o(.ARM.exidx.text.HAL_TIMEx_PWMN_Stop_DMA) refers to stm32f4xx_hal_tim_ex.o(.text.HAL_TIMEx_PWMN_Stop_DMA) for [Anonymous Symbol]
    stm32f4xx_hal_tim_ex.o(.text.HAL_TIMEx_OnePulseN_Start) refers to stm32f4xx_hal_tim_ex.o(.text.TIM_CCxNChannelCmd) for TIM_CCxNChannelCmd
    stm32f4xx_hal_tim_ex.o(.text.HAL_TIMEx_OnePulseN_Start) refers to stm32f4xx_hal_tim.o(.text.TIM_CCxChannelCmd) for TIM_CCxChannelCmd
    stm32f4xx_hal_tim_ex.o(.ARM.exidx.text.HAL_TIMEx_OnePulseN_Start) refers to stm32f4xx_hal_tim_ex.o(.text.HAL_TIMEx_OnePulseN_Start) for [Anonymous Symbol]
    stm32f4xx_hal_tim_ex.o(.text.HAL_TIMEx_OnePulseN_Stop) refers to stm32f4xx_hal_tim_ex.o(.text.TIM_CCxNChannelCmd) for TIM_CCxNChannelCmd
    stm32f4xx_hal_tim_ex.o(.text.HAL_TIMEx_OnePulseN_Stop) refers to stm32f4xx_hal_tim.o(.text.TIM_CCxChannelCmd) for TIM_CCxChannelCmd
    stm32f4xx_hal_tim_ex.o(.ARM.exidx.text.HAL_TIMEx_OnePulseN_Stop) refers to stm32f4xx_hal_tim_ex.o(.text.HAL_TIMEx_OnePulseN_Stop) for [Anonymous Symbol]
    stm32f4xx_hal_tim_ex.o(.text.HAL_TIMEx_OnePulseN_Start_IT) refers to stm32f4xx_hal_tim_ex.o(.text.TIM_CCxNChannelCmd) for TIM_CCxNChannelCmd
    stm32f4xx_hal_tim_ex.o(.text.HAL_TIMEx_OnePulseN_Start_IT) refers to stm32f4xx_hal_tim.o(.text.TIM_CCxChannelCmd) for TIM_CCxChannelCmd
    stm32f4xx_hal_tim_ex.o(.ARM.exidx.text.HAL_TIMEx_OnePulseN_Start_IT) refers to stm32f4xx_hal_tim_ex.o(.text.HAL_TIMEx_OnePulseN_Start_IT) for [Anonymous Symbol]
    stm32f4xx_hal_tim_ex.o(.text.HAL_TIMEx_OnePulseN_Stop_IT) refers to stm32f4xx_hal_tim_ex.o(.text.TIM_CCxNChannelCmd) for TIM_CCxNChannelCmd
    stm32f4xx_hal_tim_ex.o(.text.HAL_TIMEx_OnePulseN_Stop_IT) refers to stm32f4xx_hal_tim.o(.text.TIM_CCxChannelCmd) for TIM_CCxChannelCmd
    stm32f4xx_hal_tim_ex.o(.ARM.exidx.text.HAL_TIMEx_OnePulseN_Stop_IT) refers to stm32f4xx_hal_tim_ex.o(.text.HAL_TIMEx_OnePulseN_Stop_IT) for [Anonymous Symbol]
    stm32f4xx_hal_tim_ex.o(.ARM.exidx.text.HAL_TIMEx_ConfigCommutEvent) refers to stm32f4xx_hal_tim_ex.o(.text.HAL_TIMEx_ConfigCommutEvent) for [Anonymous Symbol]
    stm32f4xx_hal_tim_ex.o(.ARM.exidx.text.HAL_TIMEx_ConfigCommutEvent_IT) refers to stm32f4xx_hal_tim_ex.o(.text.HAL_TIMEx_ConfigCommutEvent_IT) for [Anonymous Symbol]
    stm32f4xx_hal_tim_ex.o(.text.HAL_TIMEx_ConfigCommutEvent_DMA) refers to stm32f4xx_hal_tim_ex.o(.text.TIMEx_DMACommutationCplt) for TIMEx_DMACommutationCplt
    stm32f4xx_hal_tim_ex.o(.text.HAL_TIMEx_ConfigCommutEvent_DMA) refers to stm32f4xx_hal_tim_ex.o(.text.TIMEx_DMACommutationHalfCplt) for TIMEx_DMACommutationHalfCplt
    stm32f4xx_hal_tim_ex.o(.text.HAL_TIMEx_ConfigCommutEvent_DMA) refers to stm32f4xx_hal_tim.o(.text.TIM_DMAError) for TIM_DMAError
    stm32f4xx_hal_tim_ex.o(.ARM.exidx.text.HAL_TIMEx_ConfigCommutEvent_DMA) refers to stm32f4xx_hal_tim_ex.o(.text.HAL_TIMEx_ConfigCommutEvent_DMA) for [Anonymous Symbol]
    stm32f4xx_hal_tim_ex.o(.text.TIMEx_DMACommutationCplt) refers to stm32f4xx_hal_tim_ex.o(.text.HAL_TIMEx_CommutCallback) for HAL_TIMEx_CommutCallback
    stm32f4xx_hal_tim_ex.o(.ARM.exidx.text.TIMEx_DMACommutationCplt) refers to stm32f4xx_hal_tim_ex.o(.text.TIMEx_DMACommutationCplt) for [Anonymous Symbol]
    stm32f4xx_hal_tim_ex.o(.text.TIMEx_DMACommutationHalfCplt) refers to stm32f4xx_hal_tim_ex.o(.text.HAL_TIMEx_CommutHalfCpltCallback) for HAL_TIMEx_CommutHalfCpltCallback
    stm32f4xx_hal_tim_ex.o(.ARM.exidx.text.TIMEx_DMACommutationHalfCplt) refers to stm32f4xx_hal_tim_ex.o(.text.TIMEx_DMACommutationHalfCplt) for [Anonymous Symbol]
    stm32f4xx_hal_tim_ex.o(.ARM.exidx.text.HAL_TIMEx_MasterConfigSynchronization) refers to stm32f4xx_hal_tim_ex.o(.text.HAL_TIMEx_MasterConfigSynchronization) for [Anonymous Symbol]
    stm32f4xx_hal_tim_ex.o(.ARM.exidx.text.HAL_TIMEx_ConfigBreakDeadTime) refers to stm32f4xx_hal_tim_ex.o(.text.HAL_TIMEx_ConfigBreakDeadTime) for [Anonymous Symbol]
    stm32f4xx_hal_tim_ex.o(.ARM.exidx.text.HAL_TIMEx_RemapConfig) refers to stm32f4xx_hal_tim_ex.o(.text.HAL_TIMEx_RemapConfig) for [Anonymous Symbol]
    stm32f4xx_hal_tim_ex.o(.ARM.exidx.text.HAL_TIMEx_CommutCallback) refers to stm32f4xx_hal_tim_ex.o(.text.HAL_TIMEx_CommutCallback) for [Anonymous Symbol]
    stm32f4xx_hal_tim_ex.o(.ARM.exidx.text.HAL_TIMEx_CommutHalfCpltCallback) refers to stm32f4xx_hal_tim_ex.o(.text.HAL_TIMEx_CommutHalfCpltCallback) for [Anonymous Symbol]
    stm32f4xx_hal_tim_ex.o(.ARM.exidx.text.HAL_TIMEx_BreakCallback) refers to stm32f4xx_hal_tim_ex.o(.text.HAL_TIMEx_BreakCallback) for [Anonymous Symbol]
    stm32f4xx_hal_tim_ex.o(.ARM.exidx.text.HAL_TIMEx_HallSensor_GetState) refers to stm32f4xx_hal_tim_ex.o(.text.HAL_TIMEx_HallSensor_GetState) for [Anonymous Symbol]
    stm32f4xx_hal_tim_ex.o(.ARM.exidx.text.HAL_TIMEx_GetChannelNState) refers to stm32f4xx_hal_tim_ex.o(.text.HAL_TIMEx_GetChannelNState) for [Anonymous Symbol]
    system_stm32f4xx.o(.ARM.exidx.text.SystemInit) refers to system_stm32f4xx.o(.text.SystemInit) for [Anonymous Symbol]
    system_stm32f4xx.o(.text.SystemCoreClockUpdate) refers to system_stm32f4xx.o(.data.SystemCoreClock) for SystemCoreClock
    system_stm32f4xx.o(.text.SystemCoreClockUpdate) refers to system_stm32f4xx.o(.rodata.AHBPrescTable) for AHBPrescTable
    system_stm32f4xx.o(.ARM.exidx.text.SystemCoreClockUpdate) refers to system_stm32f4xx.o(.text.SystemCoreClockUpdate) for [Anonymous Symbol]
    __main.o(!!!main) refers to __rtentry.o(.ARM.Collect$$rtentry$$00000000) for __rt_entry
    __rtentry.o(.ARM.Collect$$rtentry$$00000000) refers (Special) to __rtentry2.o(.ARM.Collect$$rtentry$$0000000A) for __rt_entry_li
    __rtentry.o(.ARM.Collect$$rtentry$$00000000) refers (Special) to __rtentry2.o(.ARM.Collect$$rtentry$$0000000D) for __rt_entry_main
    __rtentry.o(.ARM.Collect$$rtentry$$00000000) refers (Special) to __rtentry2.o(.ARM.Collect$$rtentry$$0000000C) for __rt_entry_postli_1
    __rtentry.o(.ARM.Collect$$rtentry$$00000000) refers (Special) to __rtentry2.o(.ARM.Collect$$rtentry$$00000009) for __rt_entry_postsh_1
    __rtentry.o(.ARM.Collect$$rtentry$$00000000) refers (Special) to __rtentry2.o(.ARM.Collect$$rtentry$$00000002) for __rt_entry_presh_1
    __rtentry.o(.ARM.Collect$$rtentry$$00000000) refers (Special) to __rtentry4.o(.ARM.Collect$$rtentry$$00000004) for __rt_entry_sh
    aeabi_ldiv0_sigfpe.o(.text) refers to rt_div0.o(.text) for __rt_div0
    __rtentry2.o(.ARM.Collect$$rtentry$$00000008) refers to boardinit2.o(.text) for _platform_post_stackheap_init
    __rtentry2.o(.ARM.Collect$$rtentry$$0000000A) refers to libinit.o(.ARM.Collect$$libinit$$00000000) for __rt_lib_init
    __rtentry2.o(.ARM.Collect$$rtentry$$0000000B) refers to boardinit3.o(.text) for _platform_post_lib_init
    __rtentry2.o(.ARM.Collect$$rtentry$$0000000D) refers to main.o(.text.main) for main
    __rtentry2.o(.ARM.Collect$$rtentry$$0000000D) refers to callback.o(.text.main) for main
    __rtentry2.o(.ARM.Collect$$rtentry$$0000000D) refers to exit.o(.text) for exit
    __rtentry2.o(.ARM.exidx) refers to __rtentry2.o(.ARM.Collect$$rtentry$$00000001) for .ARM.Collect$$rtentry$$00000001
    __rtentry2.o(.ARM.exidx) refers to __rtentry2.o(.ARM.Collect$$rtentry$$00000008) for .ARM.Collect$$rtentry$$00000008
    __rtentry2.o(.ARM.exidx) refers to __rtentry2.o(.ARM.Collect$$rtentry$$0000000A) for .ARM.Collect$$rtentry$$0000000A
    __rtentry2.o(.ARM.exidx) refers to __rtentry2.o(.ARM.Collect$$rtentry$$0000000B) for .ARM.Collect$$rtentry$$0000000B
    __rtentry2.o(.ARM.exidx) refers to __rtentry2.o(.ARM.Collect$$rtentry$$0000000D) for .ARM.Collect$$rtentry$$0000000D
    __rtentry4.o(.ARM.Collect$$rtentry$$00000004) refers to sys_stackheap_outer.o(.text) for __user_setup_stackheap
    __rtentry4.o(.ARM.exidx) refers to __rtentry4.o(.ARM.Collect$$rtentry$$00000004) for .ARM.Collect$$rtentry$$00000004
    rt_div0.o(.text) refers to defsig_fpe_outer.o(.text) for __rt_SIGFPE
    sys_stackheap_outer.o(.text) refers to libspace.o(.text) for __user_perproc_libspace
    sys_stackheap_outer.o(.text) refers to startup_stm32f407xx.o(.text) for __user_initial_stackheap
    exit.o(.text) refers to rtexit.o(.ARM.Collect$$rtexit$$00000000) for __rt_exit
    defsig_fpe_outer.o(.text) refers to defsig_fpe_inner.o(.text) for __rt_SIGFPE_inner
    defsig_fpe_outer.o(.text) refers to defsig_exit.o(.text) for __sig_exit
    defsig_fpe_formal.o(.text) refers to rt_raise.o(.text) for __rt_raise
    libinit.o(.ARM.Collect$$libinit$$00000000) refers (Special) to libinit2.o(.ARM.Collect$$libinit$$00000030) for __rt_lib_init_alloca_1
    libinit.o(.ARM.Collect$$libinit$$00000000) refers (Special) to libinit2.o(.ARM.Collect$$libinit$$0000002E) for __rt_lib_init_argv_1
    libinit.o(.ARM.Collect$$libinit$$00000000) refers (Special) to libinit2.o(.ARM.Collect$$libinit$$0000001D) for __rt_lib_init_atexit_1
    libinit.o(.ARM.Collect$$libinit$$00000000) refers (Special) to libinit2.o(.ARM.Collect$$libinit$$00000023) for __rt_lib_init_clock_1
    libinit.o(.ARM.Collect$$libinit$$00000000) refers (Special) to libinit2.o(.ARM.Collect$$libinit$$00000034) for __rt_lib_init_cpp_1
    libinit.o(.ARM.Collect$$libinit$$00000000) refers (Special) to libinit2.o(.ARM.Collect$$libinit$$00000032) for __rt_lib_init_exceptions_1
    libinit.o(.ARM.Collect$$libinit$$00000000) refers (Special) to libinit2.o(.ARM.Collect$$libinit$$00000001) for __rt_lib_init_fp_1
    libinit.o(.ARM.Collect$$libinit$$00000000) refers (Special) to libinit2.o(.ARM.Collect$$libinit$$00000021) for __rt_lib_init_fp_trap_1
    libinit.o(.ARM.Collect$$libinit$$00000000) refers (Special) to libinit2.o(.ARM.Collect$$libinit$$00000025) for __rt_lib_init_getenv_1
    libinit.o(.ARM.Collect$$libinit$$00000000) refers (Special) to libinit2.o(.ARM.Collect$$libinit$$0000000C) for __rt_lib_init_heap_1
    libinit.o(.ARM.Collect$$libinit$$00000000) refers (Special) to libinit2.o(.ARM.Collect$$libinit$$00000013) for __rt_lib_init_lc_collate_1
    libinit.o(.ARM.Collect$$libinit$$00000000) refers (Special) to libinit2.o(.ARM.Collect$$libinit$$00000015) for __rt_lib_init_lc_ctype_1
    libinit.o(.ARM.Collect$$libinit$$00000000) refers (Special) to libinit2.o(.ARM.Collect$$libinit$$00000017) for __rt_lib_init_lc_monetary_1
    libinit.o(.ARM.Collect$$libinit$$00000000) refers (Special) to libinit2.o(.ARM.Collect$$libinit$$00000019) for __rt_lib_init_lc_numeric_1
    libinit.o(.ARM.Collect$$libinit$$00000000) refers (Special) to libinit2.o(.ARM.Collect$$libinit$$0000001B) for __rt_lib_init_lc_time_1
    libinit.o(.ARM.Collect$$libinit$$00000000) refers (Special) to libinit2.o(.ARM.Collect$$libinit$$00000006) for __rt_lib_init_preinit_1
    libinit.o(.ARM.Collect$$libinit$$00000000) refers (Special) to libinit2.o(.ARM.Collect$$libinit$$00000010) for __rt_lib_init_rand_1
    libinit.o(.ARM.Collect$$libinit$$00000000) refers (Special) to libinit2.o(.ARM.Collect$$libinit$$00000004) for __rt_lib_init_relocate_pie_1
    libinit.o(.ARM.Collect$$libinit$$00000000) refers (Special) to libinit2.o(.ARM.Collect$$libinit$$00000035) for __rt_lib_init_return
    libinit.o(.ARM.Collect$$libinit$$00000000) refers (Special) to libinit2.o(.ARM.Collect$$libinit$$0000001F) for __rt_lib_init_signal_1
    libinit.o(.ARM.Collect$$libinit$$00000000) refers (Special) to libinit2.o(.ARM.Collect$$libinit$$00000027) for __rt_lib_init_stdio_1
    libinit.o(.ARM.Collect$$libinit$$00000000) refers (Special) to libinit2.o(.ARM.Collect$$libinit$$0000000E) for __rt_lib_init_user_alloc_1
    libspace.o(.text) refers to libspace.o(.bss) for __libspace_start
    rtexit.o(.ARM.Collect$$rtexit$$00000000) refers (Special) to rtexit2.o(.ARM.Collect$$rtexit$$00000004) for __rt_exit_exit
    rtexit.o(.ARM.Collect$$rtexit$$00000000) refers (Special) to rtexit2.o(.ARM.Collect$$rtexit$$00000003) for __rt_exit_ls
    rtexit.o(.ARM.Collect$$rtexit$$00000000) refers (Special) to rtexit2.o(.ARM.Collect$$rtexit$$00000002) for __rt_exit_prels_1
    rtexit.o(.ARM.exidx) refers (Special) to rtexit2.o(.ARM.Collect$$rtexit$$00000004) for __rt_exit_exit
    rtexit.o(.ARM.exidx) refers (Special) to rtexit2.o(.ARM.Collect$$rtexit$$00000003) for __rt_exit_ls
    rtexit.o(.ARM.exidx) refers (Special) to rtexit2.o(.ARM.Collect$$rtexit$$00000002) for __rt_exit_prels_1
    rtexit.o(.ARM.exidx) refers to rtexit.o(.ARM.Collect$$rtexit$$00000000) for .ARM.Collect$$rtexit$$00000000
    rt_raise.o(.text) refers to __raise.o(.text) for __raise
    rt_raise.o(.text) refers to sys_exit.o(.text) for _sys_exit
    defsig_exit.o(.text) refers to sys_exit.o(.text) for _sys_exit
    defsig_fpe_inner.o(.text) refers to defsig_general.o(.text) for __default_signal_display
    libinit2.o(.ARM.Collect$$libinit$$00000001) refers to fpinit.o(x$fpl$fpinit) for _fp_init
    libinit2.o(.ARM.Collect$$libinit$$00000012) refers to libinit2.o(.ARM.Collect$$libinit$$00000011) for .ARM.Collect$$libinit$$00000011
    libinit2.o(.ARM.Collect$$libinit$$00000014) refers to libinit2.o(.ARM.Collect$$libinit$$00000011) for .ARM.Collect$$libinit$$00000011
    libinit2.o(.ARM.Collect$$libinit$$00000016) refers to libinit2.o(.ARM.Collect$$libinit$$00000011) for .ARM.Collect$$libinit$$00000011
    libinit2.o(.ARM.Collect$$libinit$$00000018) refers to libinit2.o(.ARM.Collect$$libinit$$00000011) for .ARM.Collect$$libinit$$00000011
    libinit2.o(.ARM.Collect$$libinit$$0000001A) refers to libinit2.o(.ARM.Collect$$libinit$$00000011) for .ARM.Collect$$libinit$$00000011
    libinit2.o(.ARM.Collect$$libinit$$00000028) refers to argv_veneer.o(.emb_text) for __ARM_argv_veneer
    libinit2.o(.ARM.Collect$$libinit$$00000029) refers to argv_veneer.o(.emb_text) for __ARM_argv_veneer
    sys_exit.o(.text) refers (Special) to use_no_semi.o(.text) for __I$use$semihosting
    sys_exit.o(.text) refers (Special) to indicate_semi.o(.text) for __semihosting_library_function
    sys_exit_hlt.o(.text) refers (Special) to use_no_semi.o(.text) for __I$use$semihosting
    sys_exit_hlt.o(.text) refers (Special) to indicate_semi.o(.text) for __semihosting_library_function
    rtexit2.o(.ARM.Collect$$rtexit$$00000003) refers to libshutdown.o(.ARM.Collect$$libshutdown$$00000000) for __rt_lib_shutdown
    rtexit2.o(.ARM.Collect$$rtexit$$00000004) refers to sys_exit.o(.text) for _sys_exit
    rtexit2.o(.ARM.exidx) refers to rtexit2.o(.ARM.Collect$$rtexit$$00000001) for .ARM.Collect$$rtexit$$00000001
    rtexit2.o(.ARM.exidx) refers to rtexit2.o(.ARM.Collect$$rtexit$$00000003) for .ARM.Collect$$rtexit$$00000003
    rtexit2.o(.ARM.exidx) refers to rtexit2.o(.ARM.Collect$$rtexit$$00000004) for .ARM.Collect$$rtexit$$00000004
    __raise.o(.text) refers to defsig.o(CL$$defsig) for __default_signal_handler
    defsig_general.o(.text) refers to sys_wrch.o(.text) for _ttywrch
    argv_veneer.o(.emb_text) refers to no_argv.o(.text) for __ARM_get_argv
    sys_wrch.o(.text) refers (Special) to use_no_semi.o(.text) for __I$use$semihosting
    sys_wrch.o(.text) refers (Special) to indicate_semi.o(.text) for __semihosting_library_function
    sys_wrch_hlt.o(.text) refers (Special) to use_no_semi.o(.text) for __I$use$semihosting
    sys_wrch_hlt.o(.text) refers (Special) to indicate_semi.o(.text) for __semihosting_library_function
    defsig.o(CL$$defsig) refers to defsig_fpe_inner.o(.text) for __rt_SIGFPE_inner
    defsig.o(CL$$defsig) refers to defsig_rtmem_inner.o(.text) for __rt_SIGRTMEM_inner
    _get_argv_nomalloc.o(.text) refers (Special) to hrguard.o(.text) for __heap_region$guard
    _get_argv_nomalloc.o(.text) refers to defsig_rtmem_outer.o(.text) for __rt_SIGRTMEM
    _get_argv_nomalloc.o(.text) refers to sys_command.o(.text) for _sys_command_string
    libshutdown.o(.ARM.Collect$$libshutdown$$00000000) refers (Special) to libshutdown2.o(.ARM.Collect$$libshutdown$$00000002) for __rt_lib_shutdown_cpp_1
    libshutdown.o(.ARM.Collect$$libshutdown$$00000000) refers (Special) to libshutdown2.o(.ARM.Collect$$libshutdown$$00000007) for __rt_lib_shutdown_fp_trap_1
    libshutdown.o(.ARM.Collect$$libshutdown$$00000000) refers (Special) to libshutdown2.o(.ARM.Collect$$libshutdown$$0000000F) for __rt_lib_shutdown_heap_1
    libshutdown.o(.ARM.Collect$$libshutdown$$00000000) refers (Special) to libshutdown2.o(.ARM.Collect$$libshutdown$$00000010) for __rt_lib_shutdown_return
    libshutdown.o(.ARM.Collect$$libshutdown$$00000000) refers (Special) to libshutdown2.o(.ARM.Collect$$libshutdown$$0000000A) for __rt_lib_shutdown_signal_1
    libshutdown.o(.ARM.Collect$$libshutdown$$00000000) refers (Special) to libshutdown2.o(.ARM.Collect$$libshutdown$$00000004) for __rt_lib_shutdown_stdio_1
    libshutdown.o(.ARM.Collect$$libshutdown$$00000000) refers (Special) to libshutdown2.o(.ARM.Collect$$libshutdown$$0000000C) for __rt_lib_shutdown_user_alloc_1
    sys_command.o(.text) refers (Special) to use_no_semi.o(.text) for __I$use$semihosting
    sys_command.o(.text) refers (Special) to indicate_semi.o(.text) for __semihosting_library_function
    sys_command_hlt.o(.text) refers (Special) to use_no_semi.o(.text) for __I$use$semihosting
    sys_command_hlt.o(.text) refers (Special) to indicate_semi.o(.text) for __semihosting_library_function
    defsig_abrt_inner.o(.text) refers to defsig_general.o(.text) for __default_signal_display
    defsig_rtred_inner.o(.text) refers to defsig_general.o(.text) for __default_signal_display
    defsig_rtmem_inner.o(.text) refers to defsig_general.o(.text) for __default_signal_display
    defsig_rtmem_outer.o(.text) refers to defsig_rtmem_inner.o(.text) for __rt_SIGRTMEM_inner
    defsig_rtmem_outer.o(.text) refers to defsig_exit.o(.text) for __sig_exit
    defsig_rtmem_formal.o(.text) refers to rt_raise.o(.text) for __rt_raise
    defsig_stak_inner.o(.text) refers to defsig_general.o(.text) for __default_signal_display
    defsig_pvfn_inner.o(.text) refers to defsig_general.o(.text) for __default_signal_display
    defsig_cppl_inner.o(.text) refers to defsig_general.o(.text) for __default_signal_display
    defsig_segv_inner.o(.text) refers to defsig_general.o(.text) for __default_signal_display
    defsig_other.o(.text) refers to defsig_general.o(.text) for __default_signal_display

